Archive member included to satisfy reference by file (symbol)

c:/program files/microchip/xc32/v3.01/bin/bin/../../lib/gcc/pic32mx/8.3.1\libgcc.a(floatunsisf.o)
                              build/pic32mx_eth_sk2/production/_ext/2146581590/I2C2_PIC32MX.o (__floatunsisf)
c:/program files/microchip/xc32/v3.01/bin/bin/../../lib/gcc/pic32mx/8.3.1\libgcc.a(floatunsidf.o)
                              build/pic32mx_eth_sk2/production/_ext/2146581590/I2C_LCD.o (__floatunsidf)
c:/program files/microchip/xc32/v3.01/bin/bin/../../lib/gcc/pic32mx/8.3.1/../../../../pic32mx/lib\libpic32.a(memcpy.o)
                              build/pic32mx_eth_sk2/production/_ext/404212886/queue.o (memcpy)
c:/program files/microchip/xc32/v3.01/bin/bin/../../lib/gcc/pic32mx/8.3.1/../../../../pic32mx/lib\libpic32.a(memset.o)
                              build/pic32mx_eth_sk2/production/_ext/893259528/SPI_COMM_INTERFACE.o (memset)
c:/program files/microchip/xc32/v3.01/bin/bin/../../lib/gcc/pic32mx/8.3.1/../../../../pic32mx/lib\libpic32.a(strlen.o)
                              build/pic32mx_eth_sk2/production/_ext/2146581590/I2C_LCD.o (strlen)
c:/program files/microchip/xc32/v3.01/bin/bin/../../lib/gcc/pic32mx/8.3.1/../../../../pic32mx/lib\libpic32.a(default-on-reset.o)
                              C:\Users\BANG~1.NGU\AppData\Local\Temp\ccxhyJes.o (_on_reset)
c:/program files/microchip/xc32/v3.01/bin/bin/../../lib/gcc/pic32mx/8.3.1/../../../../pic32mx/lib\libpic32.a(default-on-bootstrap.o)
                              C:\Users\BANG~1.NGU\AppData\Local\Temp\ccxhyJes.o (_on_bootstrap)
c:/program files/microchip/xc32/v3.01/bin/bin/../../lib/gcc/pic32mx/8.3.1/../../../../pic32mx/lib\libpic32.a(default-nmi-handler.o)
                              C:\Users\BANG~1.NGU\AppData\Local\Temp\ccxhyJes.o (_nmi_handler)
c:/program files/microchip/xc32/v3.01/bin/bin/../../lib/gcc/pic32mx/8.3.1/../../../../pic32mx/lib\libpic32.a(pic32_data_init.o)
                              C:\Users\BANG~1.NGU\AppData\Local\Temp\ccxhyJes.o (__pic32_data_init)
c:/program files/microchip/xc32/v3.01/bin/bin/../../lib/gcc/pic32mx/8.3.1/../../../../pic32mx/lib\libpic32.a(general-exception.o)
                              C:\Users\BANG~1.NGU\AppData\Local\Temp\ccxhyJes.o (_general_exception_context)
c:/program files/microchip/xc32/v3.01/bin/bin/../../lib/gcc/pic32mx/8.3.1/../../../../pic32mx/lib\libpic32.a(vector0.o)
                              C:\Users\BANG~1.NGU\AppData\Local\Temp\cchSrmXg.o (__vector_dispatch_0)
c:/program files/microchip/xc32/v3.01/bin/bin/../../lib/gcc/pic32mx/8.3.1/../../../../pic32mx/lib\libpic32.a(vector2.o)
                              C:\Users\BANG~1.NGU\AppData\Local\Temp\cchSrmXg.o (__vector_dispatch_2)
c:/program files/microchip/xc32/v3.01/bin/bin/../../lib/gcc/pic32mx/8.3.1/../../../../pic32mx/lib\libpic32.a(vector3.o)
                              C:\Users\BANG~1.NGU\AppData\Local\Temp\cchSrmXg.o (__vector_dispatch_3)
c:/program files/microchip/xc32/v3.01/bin/bin/../../lib/gcc/pic32mx/8.3.1/../../../../pic32mx/lib\libpic32.a(vector5.o)
                              C:\Users\BANG~1.NGU\AppData\Local\Temp\cchSrmXg.o (__vector_dispatch_5)
c:/program files/microchip/xc32/v3.01/bin/bin/../../lib/gcc/pic32mx/8.3.1/../../../../pic32mx/lib\libpic32.a(vector6.o)
                              C:\Users\BANG~1.NGU\AppData\Local\Temp\cchSrmXg.o (__vector_dispatch_6)
c:/program files/microchip/xc32/v3.01/bin/bin/../../lib/gcc/pic32mx/8.3.1/../../../../pic32mx/lib\libpic32.a(vector7.o)
                              C:\Users\BANG~1.NGU\AppData\Local\Temp\cchSrmXg.o (__vector_dispatch_7)
c:/program files/microchip/xc32/v3.01/bin/bin/../../lib/gcc/pic32mx/8.3.1/../../../../pic32mx/lib\libpic32.a(vector9.o)
                              C:\Users\BANG~1.NGU\AppData\Local\Temp\cchSrmXg.o (__vector_dispatch_9)
c:/program files/microchip/xc32/v3.01/bin/bin/../../lib/gcc/pic32mx/8.3.1/../../../../pic32mx/lib\libpic32.a(vector10.o)
                              C:\Users\BANG~1.NGU\AppData\Local\Temp\cchSrmXg.o (__vector_dispatch_10)
c:/program files/microchip/xc32/v3.01/bin/bin/../../lib/gcc/pic32mx/8.3.1/../../../../pic32mx/lib\libpic32.a(vector11.o)
                              C:\Users\BANG~1.NGU\AppData\Local\Temp\cchSrmXg.o (__vector_dispatch_11)
c:/program files/microchip/xc32/v3.01/bin/bin/../../lib/gcc/pic32mx/8.3.1/../../../../pic32mx/lib\libpic32.a(vector12.o)
                              C:\Users\BANG~1.NGU\AppData\Local\Temp\cchSrmXg.o (__vector_dispatch_12)
c:/program files/microchip/xc32/v3.01/bin/bin/../../lib/gcc/pic32mx/8.3.1/../../../../pic32mx/lib\libpic32.a(vector13.o)
                              C:\Users\BANG~1.NGU\AppData\Local\Temp\cchSrmXg.o (__vector_dispatch_13)
c:/program files/microchip/xc32/v3.01/bin/bin/../../lib/gcc/pic32mx/8.3.1/../../../../pic32mx/lib\libpic32.a(vector14.o)
                              C:\Users\BANG~1.NGU\AppData\Local\Temp\cchSrmXg.o (__vector_dispatch_14)
[...]
Memory Configuration

Name             Origin             Length             Attributes
kseg0_program_mem 0x000000009d000000 0x0000000000080000 xr
kseg0_boot_mem   0x000000009fc00490 0x0000000000000970
exception_mem    0x000000009fc01000 0x0000000000001000
kseg1_boot_mem   0x00000000bfc00000 0x0000000000000490
debug_exec_mem   0x00000000bfc02000 0x0000000000000ff0
config3          0x00000000bfc02ff0 0x0000000000000004
config2          0x00000000bfc02ff4 0x0000000000000004
config1          0x00000000bfc02ff8 0x0000000000000004
config0          0x00000000bfc02ffc 0x0000000000000004
kseg1_data_mem   0x00000000a0000000 0x0000000000020000 w !x
sfrs             0x00000000bf800000 0x0000000000100000
configsfrs       0x00000000bfc02ff0 0x0000000000000010
*default*        0x0000000000000000 0xffffffffffffffff

Linker script and memory map

LOAD c:/program files/microchip/xc32/v3.01/bin/bin/../../lib/gcc/pic32mx/8.3.1/../../../../pic32mx/lib\debug-exception-return.o
LOAD build/pic32mx_eth_sk2/production/_ext/1123471642/bsp.o
LOAD build/pic32mx_eth_sk2/production/_ext/467495608/osal_freertos.o
LOAD build/pic32mx_eth_sk2/production/_ext/1968539896/plib_clk.o
LOAD build/pic32mx_eth_sk2/production/_ext/1824765036/plib_coretimer.o
LOAD build/pic32mx_eth_sk2/production/_ext/895164091/plib_dmac.o
LOAD build/pic32mx_eth_sk2/production/_ext/895125403/plib_evic.o
LOAD build/pic32mx_eth_sk2/production/_ext/895071575/plib_gpio.o
LOAD build/pic32mx_eth_sk2/production/_ext/2146581590/I2C_LCD.o
LOAD build/pic32mx_eth_sk2/production/_ext/2146581590/I2C2_PIC32MX.o
LOAD build/pic32mx_eth_sk2/production/_ext/893259528/SPI.o
LOAD build/pic32mx_eth_sk2/production/_ext/893259528/SPI_COMM_INTERFACE.o
LOAD build/pic32mx_eth_sk2/production/_ext/1968523521/plib_tmr2.o
LOAD build/pic32mx_eth_sk2/production/_ext/894686958/plib_tmr1.o
LOAD build/pic32mx_eth_sk2/production/_ext/894668632/plib_uart2.o
LOAD build/pic32mx_eth_sk2/production/_ext/1880771394/UART2_dma_PIC32MX.o
LOAD build/pic32mx_eth_sk2/production/_ext/1603735184/xc32_monitor.o
LOAD build/pic32mx_eth_sk2/production/_ext/1844760744/sys_reset.o
LOAD build/pic32mx_eth_sk2/production/_ext/111649226/initialization.o
LOAD build/pic32mx_eth_sk2/production/_ext/111649226/interrupts.o
LOAD build/pic32mx_eth_sk2/production/_ext/111649226/interrupts_a.o
LOAD build/pic32mx_eth_sk2/production/_ext/111649226/exceptions.o
LOAD build/pic32mx_eth_sk2/production/_ext/111649226/freertos_hooks.o
LOAD build/pic32mx_eth_sk2/production/_ext/111649226/sys_tasks.o
LOAD build/pic32mx_eth_sk2/production/_ext/1665200909/heap_1.o
LOAD build/pic32mx_eth_sk2/production/_ext/951553248/port.o
LOAD build/pic32mx_eth_sk2/production/_ext/951553248/port_asm.o
LOAD build/pic32mx_eth_sk2/production/_ext/404212886/croutine.o
LOAD build/pic32mx_eth_sk2/production/_ext/404212886/list.o
LOAD build/pic32mx_eth_sk2/production/_ext/404212886/queue.o
LOAD build/pic32mx_eth_sk2/production/_ext/404212886/FreeRTOS_tasks.o
LOAD build/pic32mx_eth_sk2/production/_ext/404212886/timers.o
LOAD build/pic32mx_eth_sk2/production/_ext/404212886/event_groups.o
LOAD build/pic32mx_eth_sk2/production/_ext/404212886/stream_buffer.o
LOAD build/pic32mx_eth_sk2/production/_ext/743442264/HELPER_FUNCTION.o
LOAD build/pic32mx_eth_sk2/production/_ext/743442264/REGISTERS_MAP.o
LOAD build/pic32mx_eth_sk2/production/_ext/1360937237/main.o
LOAD build/pic32mx_eth_sk2/production/_ext/1360937237/LCD_Task1.o
LOAD build/pic32mx_eth_sk2/production/_ext/1360937237/UartDmaRx_Task.o
                0x0000000000000001                __MPLAB_BUILD = 0x1
                0x0000000000000400                PROVIDE (_min_stack_size = 0x400)
START GROUP
LOAD c:/program files/microchip/xc32/v3.01/bin/bin/../../lib/gcc/pic32mx/8.3.1/../../../../pic32mx/lib\libmchp_peripheral.a
END GROUP
START GROUP
LOAD c:/program files/microchip/xc32/v3.01/bin/bin/../../lib/gcc/pic32mx/8.3.1/../../../../pic32mx/lib\libmchp_peripheral_32MX795F512L.a
END GROUP
                0x0000000000000001                PROVIDE (_vector_spacing = 0x1)
                0x000000009fc01000                PROVIDE (_ebase_address = 0x9fc01000)
                0x00000000bfc00000                _RESET_ADDR = 0xbfc00000
                0x00000000bfc00380                _BEV_EXCPT_ADDR = 0xbfc00380
                0x00000000bfc00480                _DBG_EXCPT_ADDR = 0xbfc00480
                0x00000000bfc02000                _DBG_CODE_ADDR = 0xbfc02000
                0x0000000000000ff0                _DBG_CODE_SIZE = 0xff0
                0x000000009fc01180                _GEN_EXCPT_ADDR = (_ebase_address + 0x180)

.config_BFC02FF0
                0x00000000bfc02ff0        0x4
 *(.config_BFC02FF0)
 .config_BFC02FF0
                0x00000000bfc02ff0        0x4 build/pic32mx_eth_sk2/production/_ext/111649226/initialization.o
                0x00000000bfc02ff0                __config_BFC02FF0

.config_BFC02FF4
                0x00000000bfc02ff4        0x4
 *(.config_BFC02FF4)
 .config_BFC02FF4
                0x00000000bfc02ff4        0x4 build/pic32mx_eth_sk2/production/_ext/111649226/initialization.o
                0x00000000bfc02ff4                __config_BFC02FF4

.config_BFC02FF8
                0x00000000bfc02ff8        0x4
 *(.config_BFC02FF8)
 .config_BFC02FF8
                0x00000000bfc02ff8        0x4 build/pic32mx_eth_sk2/production/_ext/111649226/initialization.o
                0x00000000bfc02ff8                __config_BFC02FF8

.config_BFC02FFC
                0x00000000bfc02ffc        0x4
 *(.config_BFC02FFC)
 .config_BFC02FFC
                0x00000000bfc02ffc        0x4 build/pic32mx_eth_sk2/production/_ext/111649226/initialization.o
                0x00000000bfc02ffc                __config_BFC02FFC

.reset          0x00000000bfc00000      0x19c
 *(.reset)
 .reset         0x00000000bfc00000        0x8 C:\Users\BANG~1.NGU\AppData\Local\Temp\ccxhyJes.o
                0x00000000bfc00000                _reset
 *(.reset.startup)
 .reset.startup
                0x00000000bfc00008      0x194 C:\Users\BANG~1.NGU\AppData\Local\Temp\ccxhyJes.o
                0x00000000bfc00008                _startup

.bev_excpt      0x00000000bfc00380       0x10
 *(.bev_handler)
 .bev_handler   0x00000000bfc00380       0x10 C:\Users\BANG~1.NGU\AppData\Local\Temp\ccxhyJes.o

.dbg_excpt      0x00000000bfc00480        0x0
                0x00000000bfc00480                . = (. + DEFINED (_DEBUGGER)?0x8:0x0)

.dbg_code       0x00000000bfc02000        0x0
                0x00000000bfc02000                . = (. + DEFINED (_DEBUGGER)?_DBG_CODE_SIZE:0x0)

.app_excpt      0x000000009fc01180       0x10
 *(.gen_handler)
 .gen_handler   0x000000009fc01180       0x10 C:\Users\BANG~1.NGU\AppData\Local\Temp\ccxhyJes.o

.vector_0       0x000000009fc01200        0x8
 *(.vector_0)
 .vector_0      0x000000009fc01200        0x8 c:/program files/microchip/xc32/v3.01/bin/bin/../../lib/gcc/pic32mx/8.3.1/../../../../pic32mx/lib\libpic32.a(vector0.o)
                0x000000009fc01200                __vector_dispatch_0
                0x0000000000000001                ASSERT (((_vector_spacing == 0x0) || (SIZEOF (.vector_0) <= (_vector_spacing << 0x5))), function at exception vector 0 too large)

.vector_1       0x000000009fc01220        0x8
 *(.vector_1)
 .vector_1      0x000000009fc01220        0x8 build/pic32mx_eth_sk2/production/_ext/951553248/port.o
                0x000000009fc01220                __vector_dispatch_1
                0x0000000000000001                ASSERT (((_vector_spacing == 0x0) || (SIZEOF (.vector_1) <= (_vector_spacing << 0x5))), function at exception vector 1 too large)

.vector_2       0x000000009fc01240        0x8
 *(.vector_2)
 .vector_2      0x000000009fc01240        0x8 c:/program files/microchip/xc32/v3.01/bin/bin/../../lib/gcc/pic32mx/8.3.1/../../../../pic32mx/lib\libpic32.a(vector2.o)
                0x000000009fc01240                __vector_dispatch_2
                0x0000000000000001                ASSERT (((_vector_spacing == 0x0) || (SIZEOF (.vector_2) <= (_vector_spacing << 0x5))), function at exception vector 2 too large)

.vector_3       0x000000009fc01260        0x8
 *(.vector_3)
 .vector_3      0x000000009fc01260        0x8 c:/program files/microchip/xc32/v3.01/bin/bin/../../lib/gcc/pic32mx/8.3.1/../../../../pic32mx/lib\libpic32.a(vector3.o)
                0x000000009fc01260                __vector_dispatch_3
                0x0000000000000001                ASSERT (((_vector_spacing == 0x0) || (SIZEOF (.vector_3) <= (_vector_spacing << 0x5))), function at exception vector 3 too large)

.vector_4       0x000000009fc01280        0x8
 *(.vector_4)
 .vector_4      0x000000009fc01280        0x8 build/pic32mx_eth_sk2/production/_ext/951553248/port.o
                0x000000009fc01280                __vector_dispatch_4
                0x0000000000000001                ASSERT (((_vector_spacing == 0x0) || (SIZEOF (.vector_4) <= (_vector_spacing << 0x5))), function at exception vector 4 too large)

.vector_5       0x000000009fc012a0        0x8
 *(.vector_5)
 .vector_5      0x000000009fc012a0        0x8 c:/program files/microchip/xc32/v3.01/bin/bin/../../lib/gcc/pic32mx/8.3.1/../../../../pic32mx/lib\libpic32.a(vector5.o)
                0x000000009fc012a0                __vector_dispatch_5
                0x0000000000000001                ASSERT (((_vector_spacing == 0x0) || (SIZEOF (.vector_5) <= (_vector_spacing << 0x5))), function at exception vector 5 too large)

.vector_6       0x000000009fc012c0        0x8
 *(.vector_6)
 .vector_6      0x000000009fc012c0        0x8 c:/program files/microchip/xc32/v3.01/bin/bin/../../lib/gcc/pic32mx/8.3.1/../../../../pic32mx/lib\libpic32.a(vector6.o)
                0x000000009fc012c0                __vector_dispatch_6
                0x0000000000000001                ASSERT (((_vector_spacing == 0x0) || (SIZEOF (.vector_6) <= (_vector_spacing << 0x5))), function at exception vector 6 too large)

.vector_7       0x000000009fc012e0        0x8
 *(.vector_7)
 .vector_7      0x000000009fc012e0        0x8 c:/program files/microchip/xc32/v3.01/bin/bin/../../lib/gcc/pic32mx/8.3.1/../../../../pic32mx/lib\libpic32.a(vector7.o)
                0x000000009fc012e0                __vector_dispatch_7
                0x0000000000000001                ASSERT (((_vector_spacing == 0x0) || (SIZEOF (.vector_7) <= (_vector_spacing << 0x5))), function at exception vector 7 too large)

.vector_8       0x000000009fc01300       0x10
 *(.vector_8)
 .vector_8      0x000000009fc01300       0x10 build/pic32mx_eth_sk2/production/_ext/111649226/interrupts_a.o
                0x000000009fc01300                __vector_dispatch_8
                0x0000000000000001                ASSERT (((_vector_spacing == 0x0) || (SIZEOF (.vector_8) <= (_vector_spacing << 0x5))), function at exception vector 8 too large)

.vector_9       0x000000009fc01320        0x8
 *(.vector_9)
 .vector_9      0x000000009fc01320        0x8 c:/program files/microchip/xc32/v3.01/bin/bin/../../lib/gcc/pic32mx/8.3.1/../../../../pic32mx/lib\libpic32.a(vector9.o)
                0x000000009fc01320                __vector_dispatch_9
                0x0000000000000001                ASSERT (((_vector_spacing == 0x0) || (SIZEOF (.vector_9) <= (_vector_spacing << 0x5))), function at exception vector 9 too large)

.vector_10      0x000000009fc01340        0x8
 *(.vector_10)
 .vector_10     0x000000009fc01340        0x8 c:/program files/microchip/xc32/v3.01/bin/bin/../../lib/gcc/pic32mx/8.3.1/../../../../pic32mx/lib\libpic32.a(vector10.o)
                0x000000009fc01340                __vector_dispatch_10
                0x0000000000000001                ASSERT (((_vector_spacing == 0x0) || (SIZEOF (.vector_10) <= (_vector_spacing << 0x5))), function at exception vector 10 too large)

.vector_11      0x000000009fc01360        0x8
 *(.vector_11)
 .vector_11     0x000000009fc01360        0x8 c:/program files/microchip/xc32/v3.01/bin/bin/../../lib/gcc/pic32mx/8.3.1/../../../../pic32mx/lib\libpic32.a(vector11.o)
                0x000000009fc01360                __vector_dispatch_11
                0x0000000000000001                ASSERT (((_vector_spacing == 0x0) || (SIZEOF (.vector_11) <= (_vector_spacing << 0x5))), function at exception vector 11 too large)

.vector_12      0x000000009fc01380        0x8
 *(.vector_12)
 .vector_12     0x000000009fc01380        0x8 c:/program files/microchip/xc32/v3.01/bin/bin/../../lib/gcc/pic32mx/8.3.1/../../../../pic32mx/lib\libpic32.a(vector12.o)
                0x000000009fc01380                __vector_dispatch_12
                0x0000000000000001                ASSERT (((_vector_spacing == 0x0) || (SIZEOF (.vector_12) <= (_vector_spacing << 0x5))), function at exception vector 12 too large)

.vector_13      0x000000009fc013a0        0x8
 *(.vector_13)
 .vector_13     0x000000009fc013a0        0x8 c:/program files/microchip/xc32/v3.01/bin/bin/../../lib/gcc/pic32mx/8.3.1/../../../../pic32mx/lib\libpic32.a(vector13.o)
                0x000000009fc013a0                __vector_dispatch_13
                0x0000000000000001                ASSERT (((_vector_spacing == 0x0) || (SIZEOF (.vector_13) <= (_vector_spacing << 0x5))), function at exception vector 13 too large)

.vector_14      0x000000009fc013c0        0x8
 *(.vector_14)
 .vector_14     0x000000009fc013c0        0x8 c:/program files/microchip/xc32/v3.01/bin/bin/../../lib/gcc/pic32mx/8.3.1/../../../../pic32mx/lib\libpic32.a(vector14.o)
                0x000000009fc013c0                __vector_dispatch_14
                0x0000000000000001                ASSERT (((_vector_spacing == 0x0) || (SIZEOF (.vector_14) <= (_vector_spacing << 0x5))), function at exception vector 14 too large)

.vector_15      0x000000009fc013e0        0x8
 *(.vector_15)
 .vector_15     0x000000009fc013e0        0x8 c:/program files/microchip/xc32/v3.01/bin/bin/../../lib/gcc/pic32mx/8.3.1/../../../../pic32mx/lib\libpic32.a(vector15.o)
                0x000000009fc013e0                __vector_dispatch_15
                0x0000000000000001                ASSERT (((_vector_spacing == 0x0) || (SIZEOF (.vector_15) <= (_vector_spacing << 0x5))), function at exception vector 15 too large)

.vector_16      0x000000009fc01400        0x8
 *(.vector_16)
 .vector_16     0x000000009fc01400        0x8 c:/program files/microchip/xc32/v3.01/bin/bin/../../lib/gcc/pic32mx/8.3.1/../../../../pic32mx/lib\libpic32.a(vector16.o)
                0x000000009fc01400                __vector_dispatch_16
                0x0000000000000001                ASSERT (((_vector_spacing == 0x0) || (SIZEOF (.vector_16) <= (_vector_spacing << 0x5))), function at exception vector 16 too large)

.vector_17      0x000000009fc01420        0x8
 *(.vector_17)
 .vector_17     0x000000009fc01420        0x8 c:/program files/microchip/xc32/v3.01/bin/bin/../../lib/gcc/pic32mx/8.3.1/../../../../pic32mx/lib\libpic32.a(vector17.o)
                0x000000009fc01420                __vector_dispatch_17
                0x0000000000000001                ASSERT (((_vector_spacing == 0x0) || (SIZEOF (.vector_17) <= (_vector_spacing << 0x5))), function at exception vector 17 too large)

.vector_18      0x000000009fc01440        0x8
 *(.vector_18)
 .vector_18     0x000000009fc01440        0x8 c:/program files/microchip/xc32/v3.01/bin/bin/../../lib/gcc/pic32mx/8.3.1/../../../../pic32mx/lib\libpic32.a(vector18.o)
                0x000000009fc01440                __vector_dispatch_18
                0x0000000000000001                ASSERT (((_vector_spacing == 0x0) || (SIZEOF (.vector_18) <= (_vector_spacing << 0x5))), function at exception vector 18 too large)

.vector_19      0x000000009fc01460        0x8
 *(.vector_19)
 .vector_19     0x000000009fc01460        0x8 c:/program files/microchip/xc32/v3.01/bin/bin/../../lib/gcc/pic32mx/8.3.1/../../../../pic32mx/lib\libpic32.a(vector19.o)
                0x000000009fc01460                __vector_dispatch_19
                0x0000000000000001                ASSERT (((_vector_spacing == 0x0) || (SIZEOF (.vector_19) <= (_vector_spacing << 0x5))), function at exception vector 19 too large)

.vector_20      0x000000009fc01480        0x8
 *(.vector_20)
 .vector_20     0x000000009fc01480        0x8 c:/program files/microchip/xc32/v3.01/bin/bin/../../lib/gcc/pic32mx/8.3.1/../../../../pic32mx/lib\libpic32.a(vector20.o)
                0x000000009fc01480                __vector_dispatch_20
                0x0000000000000001                ASSERT (((_vector_spacing == 0x0) || (SIZEOF (.vector_20) <= (_vector_spacing << 0x5))), function at exception vector 20 too large)

.vector_21      0x000000009fc014a0        0x8
 *(.vector_21)
 .vector_21     0x000000009fc014a0        0x8 c:/program files/microchip/xc32/v3.01/bin/bin/../../lib/gcc/pic32mx/8.3.1/../../../../pic32mx/lib\libpic32.a(vector21.o)
                0x000000009fc014a0                __vector_dispatch_21
                0x0000000000000001                ASSERT (((_vector_spacing == 0x0) || (SIZEOF (.vector_21) <= (_vector_spacing << 0x5))), function at exception vector 21 too large)

.vector_22      0x000000009fc014c0        0x8
 *(.vector_22)
 .vector_22     0x000000009fc014c0        0x8 c:/program files/microchip/xc32/v3.01/bin/bin/../../lib/gcc/pic32mx/8.3.1/../../../../pic32mx/lib\libpic32.a(vector22.o)
                0x000000009fc014c0                __vector_dispatch_22
                0x0000000000000001                ASSERT (((_vector_spacing == 0x0) || (SIZEOF (.vector_22) <= (_vector_spacing << 0x5))), function at exception vector 22 too large)

.vector_23      0x000000009fc014e0        0x8
 *(.vector_23)
 .vector_23     0x000000009fc014e0        0x8 c:/program files/microchip/xc32/v3.01/bin/bin/../../lib/gcc/pic32mx/8.3.1/../../../../pic32mx/lib\libpic32.a(vector23.o)
                0x000000009fc014e0                __vector_dispatch_23
                0x0000000000000001                ASSERT (((_vector_spacing == 0x0) || (SIZEOF (.vector_23) <= (_vector_spacing << 0x5))), function at exception vector 23 too large)

.vector_24      0x000000009fc01500        0x8
 *(.vector_24)
 .vector_24     0x000000009fc01500        0x8 c:/program files/microchip/xc32/v3.01/bin/bin/../../lib/gcc/pic32mx/8.3.1/../../../../pic32mx/lib\libpic32.a(vector24.o)
                0x000000009fc01500                __vector_dispatch_24
                0x0000000000000001                ASSERT (((_vector_spacing == 0x0) || (SIZEOF (.vector_24) <= (_vector_spacing << 0x5))), function at exception vector 24 too large)

.vector_25      0x000000009fc01520        0x8
 *(.vector_25)
 .vector_25     0x000000009fc01520        0x8 c:/program files/microchip/xc32/v3.01/bin/bin/../../lib/gcc/pic32mx/8.3.1/../../../../pic32mx/lib\libpic32.a(vector25.o)
                0x000000009fc01520                __vector_dispatch_25
                0x0000000000000001                ASSERT (((_vector_spacing == 0x0) || (SIZEOF (.vector_25) <= (_vector_spacing << 0x5))), function at exception vector 25 too large)

.vector_26      0x000000009fc01540       0x10
 *(.vector_26)
 .vector_26     0x000000009fc01540       0x10 build/pic32mx_eth_sk2/production/_ext/111649226/interrupts_a.o
                0x000000009fc01540                __vector_dispatch_26
                0x0000000000000001                ASSERT (((_vector_spacing == 0x0) || (SIZEOF (.vector_26) <= (_vector_spacing << 0x5))), function at exception vector 26 too large)

.vector_27      0x000000009fc01560        0x8
 *(.vector_27)
 .vector_27     0x000000009fc01560        0x8 c:/program files/microchip/xc32/v3.01/bin/bin/../../lib/gcc/pic32mx/8.3.1/../../../../pic32mx/lib\libpic32.a(vector27.o)
                0x000000009fc01560                __vector_dispatch_27
                0x0000000000000001                ASSERT (((_vector_spacing == 0x0) || (SIZEOF (.vector_27) <= (_vector_spacing << 0x5))), function at exception vector 27 too large)

.vector_28      0x000000009fc01580        0x8
 *(.vector_28)
 .vector_28     0x000000009fc01580        0x8 c:/program files/microchip/xc32/v3.01/bin/bin/../../lib/gcc/pic32mx/8.3.1/../../../../pic32mx/lib\libpic32.a(vector28.o)
                0x000000009fc01580                __vector_dispatch_28
                0x0000000000000001                ASSERT (((_vector_spacing == 0x0) || (SIZEOF (.vector_28) <= (_vector_spacing << 0x5))), function at exception vector 28 too large)

.vector_29      0x000000009fc015a0        0x8
 *(.vector_29)
 .vector_29     0x000000009fc015a0        0x8 c:/program files/microchip/xc32/v3.01/bin/bin/../../lib/gcc/pic32mx/8.3.1/../../../../pic32mx/lib\libpic32.a(vector29.o)
                0x000000009fc015a0                __vector_dispatch_29
                0x0000000000000001                ASSERT (((_vector_spacing == 0x0) || (SIZEOF (.vector_29) <= (_vector_spacing << 0x5))), function at exception vector 29 too large)

.vector_30      0x000000009fc015c0        0x8
 *(.vector_30)
 .vector_30     0x000000009fc015c0        0x8 c:/program files/microchip/xc32/v3.01/bin/bin/../../lib/gcc/pic32mx/8.3.1/../../../../pic32mx/lib\libpic32.a(vector30.o)
                0x000000009fc015c0                __vector_dispatch_30
                0x0000000000000001                ASSERT (((_vector_spacing == 0x0) || (SIZEOF (.vector_30) <= (_vector_spacing << 0x5))), function at exception vector 30 too large)

.vector_31      0x000000009fc015e0        0x8
 *(.vector_31)
 .vector_31     0x000000009fc015e0        0x8 c:/program files/microchip/xc32/v3.01/bin/bin/../../lib/gcc/pic32mx/8.3.1/../../../../pic32mx/lib\libpic32.a(vector31.o)
                0x000000009fc015e0                __vector_dispatch_31
                0x0000000000000001                ASSERT (((_vector_spacing == 0x0) || (SIZEOF (.vector_31) <= (_vector_spacing << 0x5))), function at exception vector 31 too large)

.vector_32      0x000000009fc01600       0x10
 *(.vector_32)
 .vector_32     0x000000009fc01600       0x10 build/pic32mx_eth_sk2/production/_ext/111649226/interrupts_a.o
                0x000000009fc01600                __vector_dispatch_32
                0x0000000000000001                ASSERT (((_vector_spacing == 0x0) || (SIZEOF (.vector_32) <= (_vector_spacing << 0x5))), function at exception vector 32 too large)

.vector_33      0x000000009fc01620        0x8
 *(.vector_33)
 .vector_33     0x000000009fc01620        0x8 c:/program files/microchip/xc32/v3.01/bin/bin/../../lib/gcc/pic32mx/8.3.1/../../../../pic32mx/lib\libpic32.a(vector33.o)
                0x000000009fc01620                __vector_dispatch_33
                0x0000000000000001                ASSERT (((_vector_spacing == 0x0) || (SIZEOF (.vector_33) <= (_vector_spacing << 0x5))), function at exception vector 33 too large)

.vector_34      0x000000009fc01640        0x8
 *(.vector_34)
 .vector_34     0x000000009fc01640        0x8 c:/program files/microchip/xc32/v3.01/bin/bin/../../lib/gcc/pic32mx/8.3.1/../../../../pic32mx/lib\libpic32.a(vector34.o)
                0x000000009fc01640                __vector_dispatch_34
                0x0000000000000001                ASSERT (((_vector_spacing == 0x0) || (SIZEOF (.vector_34) <= (_vector_spacing << 0x5))), function at exception vector 34 too large)

.vector_35      0x000000009fc01660        0x8
 *(.vector_35)
 .vector_35     0x000000009fc01660        0x8 c:/program files/microchip/xc32/v3.01/bin/bin/../../lib/gcc/pic32mx/8.3.1/../../../../pic32mx/lib\libpic32.a(vector35.o)
                0x000000009fc01660                __vector_dispatch_35
                0x0000000000000001                ASSERT (((_vector_spacing == 0x0) || (SIZEOF (.vector_35) <= (_vector_spacing << 0x5))), function at exception vector 35 too large)

.vector_36      0x000000009fc01680       0x10
 *(.vector_36)
 .vector_36     0x000000009fc01680       0x10 build/pic32mx_eth_sk2/production/_ext/111649226/interrupts_a.o
                0x000000009fc01680                __vector_dispatch_36
                0x0000000000000001                ASSERT (((_vector_spacing == 0x0) || (SIZEOF (.vector_36) <= (_vector_spacing << 0x5))), function at exception vector 36 too large)

.vector_37      0x000000009fc016a0        0x8
 *(.vector_37)
 .vector_37     0x000000009fc016a0        0x8 c:/program files/microchip/xc32/v3.01/bin/bin/../../lib/gcc/pic32mx/8.3.1/../../../../pic32mx/lib\libpic32.a(vector37.o)
                0x000000009fc016a0                __vector_dispatch_37
                0x0000000000000001                ASSERT (((_vector_spacing == 0x0) || (SIZEOF (.vector_37) <= (_vector_spacing << 0x5))), function at exception vector 37 too large)

.vector_38      0x000000009fc016c0        0x8
 *(.vector_38)
 .vector_38     0x000000009fc016c0        0x8 c:/program files/microchip/xc32/v3.01/bin/bin/../../lib/gcc/pic32mx/8.3.1/../../../../pic32mx/lib\libpic32.a(vector38.o)
                0x000000009fc016c0                __vector_dispatch_38
                0x0000000000000001                ASSERT (((_vector_spacing == 0x0) || (SIZEOF (.vector_38) <= (_vector_spacing << 0x5))), function at exception vector 38 too large)

.vector_39      0x000000009fc016e0        0x8
 *(.vector_39)
 .vector_39     0x000000009fc016e0        0x8 c:/program files/microchip/xc32/v3.01/bin/bin/../../lib/gcc/pic32mx/8.3.1/../../../../pic32mx/lib\libpic32.a(vector39.o)
                0x000000009fc016e0                __vector_dispatch_39
                0x0000000000000001                ASSERT (((_vector_spacing == 0x0) || (SIZEOF (.vector_39) <= (_vector_spacing << 0x5))), function at exception vector 39 too large)

.vector_40      0x000000009fc01700        0x8
 *(.vector_40)
 .vector_40     0x000000009fc01700        0x8 c:/program files/microchip/xc32/v3.01/bin/bin/../../lib/gcc/pic32mx/8.3.1/../../../../pic32mx/lib\libpic32.a(vector40.o)
                0x000000009fc01700                __vector_dispatch_40
                0x0000000000000001                ASSERT (((_vector_spacing == 0x0) || (SIZEOF (.vector_40) <= (_vector_spacing << 0x5))), function at exception vector 40 too large)

.vector_41      0x000000009fc01720        0x8
 *(.vector_41)
 .vector_41     0x000000009fc01720        0x8 c:/program files/microchip/xc32/v3.01/bin/bin/../../lib/gcc/pic32mx/8.3.1/../../../../pic32mx/lib\libpic32.a(vector41.o)
                0x000000009fc01720                __vector_dispatch_41
                0x0000000000000001                ASSERT (((_vector_spacing == 0x0) || (SIZEOF (.vector_41) <= (_vector_spacing << 0x5))), function at exception vector 41 too large)

.vector_42      0x000000009fc01740        0x8
 *(.vector_42)
 .vector_42     0x000000009fc01740        0x8 c:/program files/microchip/xc32/v3.01/bin/bin/../../lib/gcc/pic32mx/8.3.1/../../../../pic32mx/lib\libpic32.a(vector42.o)
                0x000000009fc01740                __vector_dispatch_42
                0x0000000000000001                ASSERT (((_vector_spacing == 0x0) || (SIZEOF (.vector_42) <= (_vector_spacing << 0x5))), function at exception vector 42 too large)

.vector_43      0x000000009fc01760        0x8
 *(.vector_43)
 .vector_43     0x000000009fc01760        0x8 c:/program files/microchip/xc32/v3.01/bin/bin/../../lib/gcc/pic32mx/8.3.1/../../../../pic32mx/lib\libpic32.a(vector43.o)
                0x000000009fc01760                __vector_dispatch_43
                0x0000000000000001                ASSERT (((_vector_spacing == 0x0) || (SIZEOF (.vector_43) <= (_vector_spacing << 0x5))), function at exception vector 43 too large)

.vector_44      0x000000009fc01780        0x8
 *(.vector_44)
 .vector_44     0x000000009fc01780        0x8 c:/program files/microchip/xc32/v3.01/bin/bin/../../lib/gcc/pic32mx/8.3.1/../../../../pic32mx/lib\libpic32.a(vector44.o)
                0x000000009fc01780                __vector_dispatch_44
                0x0000000000000001                ASSERT (((_vector_spacing == 0x0) || (SIZEOF (.vector_44) <= (_vector_spacing << 0x5))), function at exception vector 44 too large)

.vector_45      0x000000009fc017a0        0x8
 *(.vector_45)
 .vector_45     0x000000009fc017a0        0x8 c:/program files/microchip/xc32/v3.01/bin/bin/../../lib/gcc/pic32mx/8.3.1/../../../../pic32mx/lib\libpic32.a(vector45.o)
                0x000000009fc017a0                __vector_dispatch_45
                0x0000000000000001                ASSERT (((_vector_spacing == 0x0) || (SIZEOF (.vector_45) <= (_vector_spacing << 0x5))), function at exception vector 45 too large)

.vector_46      0x000000009fc017c0        0x8
 *(.vector_46)
 .vector_46     0x000000009fc017c0        0x8 c:/program files/microchip/xc32/v3.01/bin/bin/../../lib/gcc/pic32mx/8.3.1/../../../../pic32mx/lib\libpic32.a(vector46.o)
                0x000000009fc017c0                __vector_dispatch_46
                0x0000000000000001                ASSERT (((_vector_spacing == 0x0) || (SIZEOF (.vector_46) <= (_vector_spacing << 0x5))), function at exception vector 46 too large)

.vector_47      0x000000009fc017e0        0x8
 *(.vector_47)
 .vector_47     0x000000009fc017e0        0x8 c:/program files/microchip/xc32/v3.01/bin/bin/../../lib/gcc/pic32mx/8.3.1/../../../../pic32mx/lib\libpic32.a(vector47.o)
                0x000000009fc017e0                __vector_dispatch_47
                0x0000000000000001                ASSERT (((_vector_spacing == 0x0) || (SIZEOF (.vector_47) <= (_vector_spacing << 0x5))), function at exception vector 47 too large)

.vector_48      0x000000009fc01800        0x8
 *(.vector_48)
 .vector_48     0x000000009fc01800        0x8 c:/program files/microchip/xc32/v3.01/bin/bin/../../lib/gcc/pic32mx/8.3.1/../../../../pic32mx/lib\libpic32.a(vector48.o)
                0x000000009fc01800                __vector_dispatch_48
                0x0000000000000001                ASSERT (((_vector_spacing == 0x0) || (SIZEOF (.vector_48) <= (_vector_spacing << 0x5))), function at exception vector 48 too large)

.vector_49      0x000000009fc01820        0x8
 *(.vector_49)
 .vector_49     0x000000009fc01820        0x8 c:/program files/microchip/xc32/v3.01/bin/bin/../../lib/gcc/pic32mx/8.3.1/../../../../pic32mx/lib\libpic32.a(vector49.o)
                0x000000009fc01820                __vector_dispatch_49
                0x0000000000000001                ASSERT (((_vector_spacing == 0x0) || (SIZEOF (.vector_49) <= (_vector_spacing << 0x5))), function at exception vector 49 too large)

.vector_50      0x000000009fc01840        0x8
 *(.vector_50)
 .vector_50     0x000000009fc01840        0x8 c:/program files/microchip/xc32/v3.01/bin/bin/../../lib/gcc/pic32mx/8.3.1/../../../../pic32mx/lib\libpic32.a(vector50.o)
                0x000000009fc01840                __vector_dispatch_50
                0x0000000000000001                ASSERT (((_vector_spacing == 0x0) || (SIZEOF (.vector_50) <= (_vector_spacing << 0x5))), function at exception vector 50 too large)

.vector_51      0x000000009fc01860        0x8
 *(.vector_51)
 .vector_51     0x000000009fc01860        0x8 c:/program files/microchip/xc32/v3.01/bin/bin/../../lib/gcc/pic32mx/8.3.1/../../../../pic32mx/lib\libpic32.a(vector51.o)
                0x000000009fc01860                __vector_dispatch_51
                0x0000000000000001                ASSERT (((_vector_spacing == 0x0) || (SIZEOF (.vector_51) <= (_vector_spacing << 0x5))), function at exception vector 51 too large)

.vector_52      0x000000009fc01880        0x0
 *(.vector_52)
                0x0000000000000001                ASSERT (((_vector_spacing == 0x0) || (SIZEOF (.vector_52) <= (_vector_spacing << 0x5))), function at exception vector 52 too large)

.vector_53      0x000000009fc018a0        0x0
 *(.vector_53)
                0x0000000000000001                ASSERT (((_vector_spacing == 0x0) || (SIZEOF (.vector_53) <= (_vector_spacing << 0x5))), function at exception vector 53 too large)

.vector_54      0x000000009fc018c0        0x0
 *(.vector_54)
                0x0000000000000001                ASSERT (((_vector_spacing == 0x0) || (SIZEOF (.vector_54) <= (_vector_spacing << 0x5))), function at exception vector 54 too large)

.vector_55      0x000000009fc018e0        0x0
 *(.vector_55)
                0x0000000000000001                ASSERT (((_vector_spacing == 0x0) || (SIZEOF (.vector_55) <= (_vector_spacing << 0x5))), function at exception vector 55 too large)

.vector_56      0x000000009fc01900        0x0
 *(.vector_56)
                0x0000000000000001                ASSERT (((_vector_spacing == 0x0) || (SIZEOF (.vector_56) <= (_vector_spacing << 0x5))), function at exception vector 56 too large)

.vector_57      0x000000009fc01920        0x0
 *(.vector_57)
                0x0000000000000001                ASSERT (((_vector_spacing == 0x0) || (SIZEOF (.vector_57) <= (_vector_spacing << 0x5))), function at exception vector 57 too large)

.vector_58      0x000000009fc01940        0x0
 *(.vector_58)
                0x0000000000000001                ASSERT (((_vector_spacing == 0x0) || (SIZEOF (.vector_58) <= (_vector_spacing << 0x5))), function at exception vector 58 too large)

.vector_59      0x000000009fc01960        0x0
 *(.vector_59)
                0x0000000000000001                ASSERT (((_vector_spacing == 0x0) || (SIZEOF (.vector_59) <= (_vector_spacing << 0x5))), function at exception vector 59 too large)

.vector_60      0x000000009fc01980        0x0
 *(.vector_60)
                0x0000000000000001                ASSERT (((_vector_spacing == 0x0) || (SIZEOF (.vector_60) <= (_vector_spacing << 0x5))), function at exception vector 60 too large)

.vector_61      0x000000009fc019a0        0x0
 *(.vector_61)
                0x0000000000000001                ASSERT (((_vector_spacing == 0x0) || (SIZEOF (.vector_61) <= (_vector_spacing << 0x5))), function at exception vector 61 too large)

.vector_62      0x000000009fc019c0        0x0
 *(.vector_62)
                0x0000000000000001                ASSERT (((_vector_spacing == 0x0) || (SIZEOF (.vector_62) <= (_vector_spacing << 0x5))), function at exception vector 62 too large)

.vector_63      0x000000009fc019e0        0x0
 *(.vector_63)
                0x0000000000000001                ASSERT (((_vector_spacing == 0x0) || (SIZEOF (.vector_63) <= (_vector_spacing << 0x5))), function at exception vector 63 too large)

.startup
 *(.startup)

.text           0x000000009d000000        0x0
 *(.stub .gnu.linkonce.t.*)
 *(.text.*personality*)
 *(.mips16.fn.*)
 *(.mips16.call.*)
 *(.gnu.warning)
                0x000000009d000000                . = ALIGN (0x4)

.init           0x000000009d000000        0x0
 *crti.o(.init)
 *crtbegin.o(.init)
 *(EXCLUDE_FILE(*crtn.o *crtend?.o *crtend.o) .init)
 *crtend.o(.init)
 *crtn.o(.init)
                0x000000009d000000                . = ALIGN (0x4)

.fini           0x000000009d000000        0x0
 *(.fini)
                0x000000009d000000                . = ALIGN (0x4)

.preinit_array  0x000000009d000000        0x0
                [!provide]                        PROVIDE (__preinit_array_start = .)
 *(.preinit_array)
                [!provide]                        PROVIDE (__preinit_array_end = .)
                0x000000009d000000                . = ALIGN (0x4)

.init_array     0x000000009d000000        0x0
                [!provide]                        PROVIDE (__init_array_start = .)
 *(SORT_BY_NAME(.init_array.*))
 *(.init_array)
                [!provide]                        PROVIDE (__init_array_end = .)
                0x000000009d000000                . = ALIGN (0x4)

.fini_array     0x000000009d000000        0x0
                [!provide]                        PROVIDE (__fini_array_start = .)
 *(SORT_BY_NAME(.fini_array.*))
 *(.fini_array)
                [!provide]                        PROVIDE (__fini_array_end = .)
                0x000000009d000000                . = ALIGN (0x4)

.ctors          0x000000009d000000        0x0
 *crtbegin.o(.ctors)
 *crtbegin?.o(.ctors)
 *(EXCLUDE_FILE(*crtend?.o *crtend.o) .ctors)
 *(SORT_BY_NAME(.ctors.*))
 *(.ctors)
                0x000000009d000000                . = ALIGN (0x4)

.dtors          0x000000009d000000        0x0
 *crtbegin.o(.dtors)
 *crtbegin?.o(.dtors)
 *(EXCLUDE_FILE(*crtend?.o *crtend.o) .dtors)
 *(SORT_BY_NAME(.dtors.*))
 *(.dtors)
                0x000000009d000000                . = ALIGN (0x4)

.rodata         0x000000009d000000        0x0
 *(.gnu.linkonce.r.*)
 *(.rodata1)
                0x000000009d000000                . = ALIGN (0x4)

.sdata2         0x000000009d000000        0x0
 *(.sdata2 .sdata2.* .gnu.linkonce.s2.*)
                0x000000009d000000                . = ALIGN (0x4)

.sbss2          0x000000009d000000        0x0
 *(.sbss2 .sbss2.* .gnu.linkonce.sb2.*)
                0x000000009d000000                . = ALIGN (0x4)

.eh_frame_hdr
 *(.eh_frame_hdr)
                0x000000009d000000                . = ALIGN (0x4)

.eh_frame
 *(.eh_frame)
                0x000000009d000000                . = ALIGN (0x4)

.gcc_except_table
 *(.gcc_except_table .gcc_except_table.*)
                0x000000009d000000                . = ALIGN (0x4)

.dbg_data       0x00000000a0000000        0x0
                0x00000000a0000000                . = (. + DEFINED (_DEBUGGER)?0x200:0x0)

.jcr            0x00000000a0000000        0x0
 *(.jcr)
                0x00000000a0000000                . = ALIGN (0x4)

.eh_frame
 *(.eh_frame)
                0x00000000a0000000                . = ALIGN (0x4)

.gcc_except_table
 *(.gcc_except_table .gcc_except_table.*)
                0x00000000a0000000                . = ALIGN (0x4)

.persist        0x00000000a0000000        0x0
                0x00000000a0000000                _persist_begin = .
 *(.persist .persist.*)
                0x00000000a0000000                . = ALIGN (0x4)
                0x00000000a0000000                _persist_end = .

.data           0x00000000a0000000        0x0
 *(.gnu.linkonce.d.*)
 *(.data1)
                0x00000000a0000000                . = ALIGN (0x4)
                0x00000000a0000000                . = .
                0x00000000a0007ff0                _gp = (ALIGN (0x10) + 0x7ff0)

.got            0x00000000a0000000        0x0
 *(.got.plt)
 *(.got)
                0x00000000a0000000                . = ALIGN (0x4)

.sdata          0x00000000a0000000        0x8
                0x00000000a0000000                _sdata_begin = .
 *(.sdata .sdata.* .gnu.linkonce.s.*)
 .sdata         0x00000000a0000000        0x4 build/pic32mx_eth_sk2/production/_ext/1824765036/plib_coretimer.o
 .sdata         0x00000000a0000004        0x4 build/pic32mx_eth_sk2/production/_ext/951553248/port.o
                0x00000000a0000004                uxInterruptNesting
                0x00000000a0000008                . = ALIGN (0x4)
                0x00000000a0000008                _sdata_end = .

.lit8
 *(.lit8)

.lit4
 *(.lit4)
                0x00000000a0000008                . = ALIGN (0x4)
                0x00000000a0000008                _data_end = .
                0x00000000a0000008                _bss_begin = .

.sbss           0x00000000a0000008       0x88
                0x00000000a0000008                _sbss_begin = .
 *(.dynsbss)
 *(.sbss .sbss.* .gnu.linkonce.sb.*)
 .sbss          0x00000000a0000008        0x8 build/pic32mx_eth_sk2/production/_ext/2146581590/I2C_LCD.o
 .sbss          0x00000000a0000010        0x8 build/pic32mx_eth_sk2/production/_ext/1968523521/plib_tmr2.o
 .sbss          0x00000000a0000018        0x8 build/pic32mx_eth_sk2/production/_ext/894686958/plib_tmr1.o
 .sbss          0x00000000a0000020        0x8 build/pic32mx_eth_sk2/production/_ext/1665200909/heap_1.o
 .sbss          0x00000000a0000028        0x4 build/pic32mx_eth_sk2/production/_ext/951553248/port.o
                0x00000000a0000028                uxSavedTaskStackPointer
 .sbss          0x00000000a000002c       0x3c build/pic32mx_eth_sk2/production/_ext/404212886/FreeRTOS_tasks.o
                0x00000000a0000064                pxCurrentTCB
 .sbss          0x00000000a0000068        0x4 build/pic32mx_eth_sk2/production/_ext/1360937237/LCD_Task1.o
 .sbss          0x00000000a000006c        0x4 build/pic32mx_eth_sk2/production/_ext/1360937237/UartDmaRx_Task.o
 *(.scommon)
 .scommon       0x00000000a0000070        0x8 build/pic32mx_eth_sk2/production/_ext/1360937237/LCD_Task1.o
                0x00000000a0000070                xLCD_TASK1_TaskObject
                0x00000000a0000074                app_task1Data
 .scommon       0x00000000a0000078       0x18 build/pic32mx_eth_sk2/production/_ext/1360937237/UartDmaRx_Task.o
                0x00000000a0000078                modbusReadReplyQueue
                0x00000000a000007c                xMODBUS_REGISTER_WR_TaskObject
                0x00000000a0000080                modbusWrittenQueue
                0x00000000a0000084                xUART_DMA_RX_TaskObject
                0x00000000a0000088                modbusReadQueue
                0x00000000a000008c                xMODBUS_REGISTER_RD_TaskObject
                0x00000000a0000090                _sbss_end = .
                0x00000000a0000090                . = ALIGN (0x4)

.bss            0x00000000a0000090      0x148
 *(.dynbss)
 *(COMMON)
 COMMON         0x00000000a0000090       0x34 build/pic32mx_eth_sk2/production/_ext/894668632/plib_uart2.o
                0x00000000a0000090                uart2Obj
 COMMON         0x00000000a00000c4      0x114 build/pic32mx_eth_sk2/production/_ext/1880771394/UART2_dma_PIC32MX.o
                0x00000000a00000c4                uart2_dmaObjCtrl
                0x00000000a00001d8                . = ALIGN ((. != 0x0)?0x4:0x1)
                0x00000000a00001d8                . = ALIGN (0x4)
                0x00000000a00001d8                _end = .
                0x00000000a00001d8                _bss_end = .
                0x0000000000020000                _bmxdudba_address = LENGTH (kseg1_data_mem)
                0x0000000000020000                _bmxdupba_address = LENGTH (kseg1_data_mem)

/DISCARD/
 *(.pdr)
 *(.rel.dyn)
 *(.note.GNU-stack)
 *(.note.GNU-stack)
 *(.gnu_debuglink)
 *(.gnu.lto_*)
 *(.discard)

.gptab.sdata
 *(.gptab.data)
 *(.gptab.sdata)

.gptab.sbss
 *(.gptab.bss)
 *(.gptab.sbss)

.mdebug.abi32   0x0000000000000000        0x0
 *(.mdebug.abi32)
 .mdebug.abi32  0x0000000000000000        0x0 build/pic32mx_eth_sk2/production/_ext/1123471642/bsp.o
 .mdebug.abi32  0x0000000000000000        0x0 build/pic32mx_eth_sk2/production/_ext/467495608/osal_freertos.o
 .mdebug.abi32  0x0000000000000000        0x0 build/pic32mx_eth_sk2/production/_ext/1968539896/plib_clk.o
 .mdebug.abi32  0x0000000000000000        0x0 build/pic32mx_eth_sk2/production/_ext/1824765036/plib_coretimer.o
 .mdebug.abi32  0x0000000000000000        0x0 build/pic32mx_eth_sk2/production/_ext/895164091/plib_dmac.o
 .mdebug.abi32  0x0000000000000000        0x0 build/pic32mx_eth_sk2/production/_ext/895125403/plib_evic.o
 .mdebug.abi32  0x0000000000000000        0x0 build/pic32mx_eth_sk2/production/_ext/895071575/plib_gpio.o
 .mdebug.abi32  0x0000000000000000        0x0 build/pic32mx_eth_sk2/production/_ext/2146581590/I2C_LCD.o
 .mdebug.abi32  0x0000000000000000        0x0 build/pic32mx_eth_sk2/production/_ext/2146581590/I2C2_PIC32MX.o
 .mdebug.abi32  0x0000000000000000        0x0 build/pic32mx_eth_sk2/production/_ext/893259528/SPI.o
 .mdebug.abi32  0x0000000000000000        0x0 build/pic32mx_eth_sk2/production/_ext/893259528/SPI_COMM_INTERFACE.o
 .mdebug.abi32  0x0000000000000000        0x0 build/pic32mx_eth_sk2/production/_ext/1968523521/plib_tmr2.o
 .mdebug.abi32  0x0000000000000000        0x0 build/pic32mx_eth_sk2/production/_ext/894686958/plib_tmr1.o
 .mdebug.abi32  0x0000000000000000        0x0 build/pic32mx_eth_sk2/production/_ext/894668632/plib_uart2.o
 .mdebug.abi32  0x0000000000000000        0x0 build/pic32mx_eth_sk2/production/_ext/1880771394/UART2_dma_PIC32MX.o
 .mdebug.abi32  0x0000000000000000        0x0 build/pic32mx_eth_sk2/production/_ext/1603735184/xc32_monitor.o
 .mdebug.abi32  0x0000000000000000        0x0 build/pic32mx_eth_sk2/production/_ext/1844760744/sys_reset.o
 .mdebug.abi32  0x0000000000000000        0x0 build/pic32mx_eth_sk2/production/_ext/111649226/initialization.o
 .mdebug.abi32  0x0000000000000000        0x0 build/pic32mx_eth_sk2/production/_ext/111649226/interrupts.o
 .mdebug.abi32  0x0000000000000000        0x0 build/pic32mx_eth_sk2/production/_ext/111649226/exceptions.o
 .mdebug.abi32  0x0000000000000000        0x0 build/pic32mx_eth_sk2/production/_ext/111649226/freertos_hooks.o
 .mdebug.abi32  0x0000000000000000        0x0 build/pic32mx_eth_sk2/production/_ext/111649226/sys_tasks.o
 .mdebug.abi32  0x0000000000000000        0x0 build/pic32mx_eth_sk2/production/_ext/1665200909/heap_1.o
 .mdebug.abi32  0x0000000000000000        0x0 build/pic32mx_eth_sk2/production/_ext/951553248/port.o
 .mdebug.abi32  0x0000000000000000        0x0 build/pic32mx_eth_sk2/production/_ext/404212886/croutine.o
 .mdebug.abi32  0x0000000000000000        0x0 build/pic32mx_eth_sk2/production/_ext/404212886/list.o
 .mdebug.abi32  0x0000000000000000        0x0 build/pic32mx_eth_sk2/production/_ext/404212886/queue.o
 .mdebug.abi32  0x0000000000000000        0x0 build/pic32mx_eth_sk2/production/_ext/404212886/FreeRTOS_tasks.o
 .mdebug.abi32  0x0000000000000000        0x0 build/pic32mx_eth_sk2/production/_ext/404212886/timers.o
 .mdebug.abi32  0x0000000000000000        0x0 build/pic32mx_eth_sk2/production/_ext/404212886/event_groups.o
 .mdebug.abi32  0x0000000000000000        0x0 build/pic32mx_eth_sk2/production/_ext/404212886/stream_buffer.o
 .mdebug.abi32  0x0000000000000000        0x0 build/pic32mx_eth_sk2/production/_ext/743442264/HELPER_FUNCTION.o
 .mdebug.abi32  0x0000000000000000        0x0 build/pic32mx_eth_sk2/production/_ext/743442264/REGISTERS_MAP.o
 .mdebug.abi32  0x0000000000000000        0x0 build/pic32mx_eth_sk2/production/_ext/1360937237/main.o
 .mdebug.abi32  0x0000000000000000        0x0 build/pic32mx_eth_sk2/production/_ext/1360937237/LCD_Task1.o
 .mdebug.abi32  0x0000000000000000        0x0 build/pic32mx_eth_sk2/production/_ext/1360937237/UartDmaRx_Task.o
 .mdebug.abi32  0x0000000000000000        0x0 c:/program files/microchip/xc32/v3.01/bin/bin/../../lib/gcc/pic32mx/8.3.1\libgcc.a(floatunsisf.o)
 .mdebug.abi32  0x0000000000000000        0x0 c:/program files/microchip/xc32/v3.01/bin/bin/../../lib/gcc/pic32mx/8.3.1\libgcc.a(floatunsidf.o)
 .mdebug.abi32  0x0000000000000000        0x0 c:/program files/microchip/xc32/v3.01/bin/bin/../../lib/gcc/pic32mx/8.3.1/../../../../pic32mx/lib\libpic32.a(default-on-reset.o)
 .mdebug.abi32  0x0000000000000000        0x0 c:/program files/microchip/xc32/v3.01/bin/bin/../../lib/gcc/pic32mx/8.3.1/../../../../pic32mx/lib\libpic32.a(default-on-bootstrap.o)
 .mdebug.abi32  0x0000000000000000        0x0 c:/program files/microchip/xc32/v3.01/bin/bin/../../lib/gcc/pic32mx/8.3.1/../../../../pic32mx/lib\libpic32.a(defaultinterrupt.o)
 .mdebug.abi32  0x0000000000000000        0x0 c:/program files/microchip/xc32/v3.01/bin/bin/../../lib/gcc/pic32mx/8.3.1/../../../../pic32mx/lib\libc.a(sprintf_cdnopuxX.eo)
 .mdebug.abi32  0x0000000000000000        0x0 c:/program files/microchip/xc32/v3.01/bin/bin/../../lib/gcc/pic32mx/8.3.1/../../../../pic32mx/lib\libc.a(doprnt_cdnopuxX.eo)
 .mdebug.abi32  0x0000000000000000        0x0 c:/program files/microchip/xc32/v3.01/bin/bin/../../lib/gcc/pic32mx/8.3.1/../../../../pic32mx/lib\libc.a(_fputc_simple.o)
 .mdebug.abi32  0x0000000000000000        0x0 c:/program files/microchip/xc32/v3.01/bin/bin/../../lib/gcc/pic32mx/8.3.1/../../../../pic32mx/lib\libc.a(ctype.o)
 .mdebug.abi32  0x0000000000000000        0x0 c:/program files/microchip/xc32/v3.01/bin/bin/../../lib/gcc/pic32mx/8.3.1/../../../../pic32mx/lib\libc.a(_iob.o)
 .mdebug.abi32  0x0000000000000000        0x0 c:/program files/microchip/xc32/v3.01/bin/bin/../../lib/gcc/pic32mx/8.3.1/../../../../pic32mx/lib\libc.a(_flsbuf_simple.o)
 .mdebug.abi32  0x0000000000000000        0x0 c:/program files/microchip/xc32/v3.01/bin/bin/../../lib/gcc/pic32mx/8.3.1\libgcc.a(_lshrdi3.o)
 .mdebug.abi32  0x0000000000000000        0x0 c:/program files/microchip/xc32/v3.01/bin/bin/../../lib/gcc/pic32mx/8.3.1\libgcc.a(_udivdi3.o)
 .mdebug.abi32  0x0000000000000000        0x0 c:/program files/microchip/xc32/v3.01/bin/bin/../../lib/gcc/pic32mx/8.3.1\libgcc.a(_umoddi3.o)

.mdebug.abiN32
 *(.mdebug.abiN32)

.mdebug.abi64
 *(.mdebug.abi64)

.mdebug.abiO64
 *(.mdebug.abiO64)

.mdebug.eabi32
 *(.mdebug.eabi32)

.mdebug.eabi64
 *(.mdebug.eabi64)

.gcc_compiled_long32
 *(.gcc_compiled_long32)

.gcc_compiled_long64
 *(.gcc_compiled_long64)

.stab
 *(.stab)

.stabstr
 *(.stabstr)

.stab.excl
 *(.stab.excl)

.stab.exclstr
 *(.stab.exclstr)

.stab.index
 *(.stab.index)

.stab.indexstr
 *(.stab.indexstr)

.comment        0x0000000000000000       0xb9
 *(.comment)
 .comment       0x0000000000000000       0x53 build/pic32mx_eth_sk2/production/_ext/1123471642/bsp.o
                                         0x54 (size before relaxing)
 .comment       0x0000000000000053       0x54 build/pic32mx_eth_sk2/production/_ext/467495608/osal_freertos.o
 .comment       0x0000000000000053       0x54 build/pic32mx_eth_sk2/production/_ext/1968539896/plib_clk.o
 .comment       0x0000000000000053       0x54 build/pic32mx_eth_sk2/production/_ext/1824765036/plib_coretimer.o
 .comment       0x0000000000000053       0x54 build/pic32mx_eth_sk2/production/_ext/895164091/plib_dmac.o
 .comment       0x0000000000000053       0x54 build/pic32mx_eth_sk2/production/_ext/895125403/plib_evic.o
 .comment       0x0000000000000053       0x54 build/pic32mx_eth_sk2/production/_ext/895071575/plib_gpio.o
 .comment       0x0000000000000053       0x54 build/pic32mx_eth_sk2/production/_ext/2146581590/I2C_LCD.o
 .comment       0x0000000000000053       0x54 build/pic32mx_eth_sk2/production/_ext/2146581590/I2C2_PIC32MX.o
 .comment       0x0000000000000053       0x54 build/pic32mx_eth_sk2/production/_ext/893259528/SPI.o
 .comment       0x0000000000000053       0x54 build/pic32mx_eth_sk2/production/_ext/893259528/SPI_COMM_INTERFACE.o
 .comment       0x0000000000000053       0x54 build/pic32mx_eth_sk2/production/_ext/1968523521/plib_tmr2.o
 .comment       0x0000000000000053       0x54 build/pic32mx_eth_sk2/production/_ext/894686958/plib_tmr1.o
 .comment       0x0000000000000053       0x54 build/pic32mx_eth_sk2/production/_ext/894668632/plib_uart2.o
 .comment       0x0000000000000053       0x54 build/pic32mx_eth_sk2/production/_ext/1880771394/UART2_dma_PIC32MX.o
 .comment       0x0000000000000053       0x54 build/pic32mx_eth_sk2/production/_ext/1603735184/xc32_monitor.o
 .comment       0x0000000000000053       0x54 build/pic32mx_eth_sk2/production/_ext/1844760744/sys_reset.o
 .comment       0x0000000000000053       0x54 build/pic32mx_eth_sk2/production/_ext/111649226/initialization.o
 .comment       0x0000000000000053       0x54 build/pic32mx_eth_sk2/production/_ext/111649226/interrupts.o
 .comment       0x0000000000000053       0x54 build/pic32mx_eth_sk2/production/_ext/111649226/exceptions.o
 .comment       0x0000000000000053       0x54 build/pic32mx_eth_sk2/production/_ext/111649226/freertos_hooks.o
 .comment       0x0000000000000053       0x54 build/pic32mx_eth_sk2/production/_ext/111649226/sys_tasks.o
 .comment       0x0000000000000053       0x54 build/pic32mx_eth_sk2/production/_ext/1665200909/heap_1.o
 .comment       0x0000000000000053       0x54 build/pic32mx_eth_sk2/production/_ext/951553248/port.o
 .comment       0x0000000000000053       0x54 build/pic32mx_eth_sk2/production/_ext/404212886/croutine.o
 .comment       0x0000000000000053       0x54 build/pic32mx_eth_sk2/production/_ext/404212886/list.o
 .comment       0x0000000000000053       0x54 build/pic32mx_eth_sk2/production/_ext/404212886/queue.o
 .comment       0x0000000000000053       0x54 build/pic32mx_eth_sk2/production/_ext/404212886/FreeRTOS_tasks.o
 .comment       0x0000000000000053       0x54 build/pic32mx_eth_sk2/production/_ext/404212886/timers.o
 .comment       0x0000000000000053       0x54 build/pic32mx_eth_sk2/production/_ext/404212886/event_groups.o
 .comment       0x0000000000000053       0x54 build/pic32mx_eth_sk2/production/_ext/404212886/stream_buffer.o
 .comment       0x0000000000000053       0x54 build/pic32mx_eth_sk2/production/_ext/743442264/HELPER_FUNCTION.o
 .comment       0x0000000000000053       0x54 build/pic32mx_eth_sk2/production/_ext/743442264/REGISTERS_MAP.o
 .comment       0x0000000000000053       0x54 build/pic32mx_eth_sk2/production/_ext/1360937237/main.o
 .comment       0x0000000000000053       0x54 build/pic32mx_eth_sk2/production/_ext/1360937237/LCD_Task1.o
 .comment       0x0000000000000053       0x54 build/pic32mx_eth_sk2/production/_ext/1360937237/UartDmaRx_Task.o
 .comment       0x0000000000000053       0x54 c:/program files/microchip/xc32/v3.01/bin/bin/../../lib/gcc/pic32mx/8.3.1\libgcc.a(floatunsisf.o)
 .comment       0x0000000000000053       0x54 c:/program files/microchip/xc32/v3.01/bin/bin/../../lib/gcc/pic32mx/8.3.1\libgcc.a(floatunsidf.o)
 .comment       0x0000000000000053       0x18 c:/program files/microchip/xc32/v3.01/bin/bin/../../lib/gcc/pic32mx/8.3.1/../../../../pic32mx/lib\libpic32.a(memset.o)
                                         0x19 (size before relaxing)
 .comment       0x000000000000006b       0x54 c:/program files/microchip/xc32/v3.01/bin/bin/../../lib/gcc/pic32mx/8.3.1/../../../../pic32mx/lib\libpic32.a(default-on-reset.o)
 .comment       0x000000000000006b       0x54 c:/program files/microchip/xc32/v3.01/bin/bin/../../lib/gcc/pic32mx/8.3.1/../../../../pic32mx/lib\libpic32.a(default-on-bootstrap.o)
 .comment       0x000000000000006b       0x54 c:/program files/microchip/xc32/v3.01/bin/bin/../../lib/gcc/pic32mx/8.3.1/../../../../pic32mx/lib\libpic32.a(defaultinterrupt.o)
 .comment       0x000000000000006b       0x54 c:/program files/microchip/xc32/v3.01/bin/bin/../../lib/gcc/pic32mx/8.3.1/../../../../pic32mx/lib\libc.a(sprintf_cdnopuxX.eo)
 .comment       0x000000000000006b       0x54 c:/program files/microchip/xc32/v3.01/bin/bin/../../lib/gcc/pic32mx/8.3.1/../../../../pic32mx/lib\libc.a(doprnt_cdnopuxX.eo)
 .comment       0x000000000000006b       0x54 c:/program files/microchip/xc32/v3.01/bin/bin/../../lib/gcc/pic32mx/8.3.1/../../../../pic32mx/lib\libc.a(_fputc_simple.o)
 .comment       0x000000000000006b       0x4e c:/program files/microchip/xc32/v3.01/bin/bin/../../lib/gcc/pic32mx/8.3.1/../../../../pic32mx/lib\libc.a(ctype.o)
                                         0xa2 (size before relaxing)
 .comment       0x00000000000000b9       0x54 c:/program files/microchip/xc32/v3.01/bin/bin/../../lib/gcc/pic32mx/8.3.1/../../../../pic32mx/lib\libc.a(_iob.o)
 .comment       0x00000000000000b9       0x54 c:/program files/microchip/xc32/v3.01/bin/bin/../../lib/gcc/pic32mx/8.3.1/../../../../pic32mx/lib\libc.a(_flsbuf_simple.o)
 .comment       0x00000000000000b9       0x54 c:/program files/microchip/xc32/v3.01/bin/bin/../../lib/gcc/pic32mx/8.3.1\libgcc.a(_lshrdi3.o)
 .comment       0x00000000000000b9       0x54 c:/program files/microchip/xc32/v3.01/bin/bin/../../lib/gcc/pic32mx/8.3.1\libgcc.a(_udivdi3.o)
 .comment       0x00000000000000b9       0x54 c:/program files/microchip/xc32/v3.01/bin/bin/../../lib/gcc/pic32mx/8.3.1\libgcc.a(_umoddi3.o)

.debug
 *.elf(.debug)
 *(.debug)

.line
 *.elf(.line)
 *(.line)

.debug_srcinfo
 *.elf(.debug_srcinfo)
 *(.debug_srcinfo)

.debug_sfnames
 *.elf(.debug_sfnames)
 *(.debug_sfnames)

.debug_aranges  0x0000000000000000      0xf98
 *.elf(.debug_aranges)
 *(.debug_aranges)
 .debug_aranges
                0x0000000000000000       0x20 build/pic32mx_eth_sk2/production/_ext/1123471642/bsp.o
 .debug_aranges
                0x0000000000000020       0x90 build/pic32mx_eth_sk2/production/_ext/467495608/osal_freertos.o
 .debug_aranges
                0x00000000000000b0       0x20 build/pic32mx_eth_sk2/production/_ext/1968539896/plib_clk.o
 .debug_aranges
                0x00000000000000d0       0x60 build/pic32mx_eth_sk2/production/_ext/1824765036/plib_coretimer.o
 .debug_aranges
                0x0000000000000130       0x88 build/pic32mx_eth_sk2/production/_ext/895164091/plib_dmac.o
 .debug_aranges
                0x00000000000001b8       0x68 build/pic32mx_eth_sk2/production/_ext/895125403/plib_evic.o
 .debug_aranges
                0x0000000000000220       0x80 build/pic32mx_eth_sk2/production/_ext/895071575/plib_gpio.o
 .debug_aranges
                0x00000000000002a0       0xf8 build/pic32mx_eth_sk2/production/_ext/2146581590/I2C_LCD.o
 .debug_aranges
                0x0000000000000398       0x78 build/pic32mx_eth_sk2/production/_ext/2146581590/I2C2_PIC32MX.o
 .debug_aranges
                0x0000000000000410       0x30 build/pic32mx_eth_sk2/production/_ext/893259528/SPI.o
 .debug_aranges
                0x0000000000000440       0x78 build/pic32mx_eth_sk2/production/_ext/893259528/SPI_COMM_INTERFACE.o
 .debug_aranges
                0x00000000000004b8       0x70 build/pic32mx_eth_sk2/production/_ext/1968523521/plib_tmr2.o
 .debug_aranges
                0x0000000000000528       0x70 build/pic32mx_eth_sk2/production/_ext/894686958/plib_tmr1.o
 .debug_aranges
                0x0000000000000598       0xa0 build/pic32mx_eth_sk2/production/_ext/894668632/plib_uart2.o
 .debug_aranges
                0x0000000000000638       0x60 build/pic32mx_eth_sk2/production/_ext/1880771394/UART2_dma_PIC32MX.o
 .debug_aranges
                0x0000000000000698       0x28 build/pic32mx_eth_sk2/production/_ext/1603735184/xc32_monitor.o
 .debug_aranges
                0x00000000000006c0       0x20 build/pic32mx_eth_sk2/production/_ext/1844760744/sys_reset.o
 .debug_aranges
                0x00000000000006e0       0x20 build/pic32mx_eth_sk2/production/_ext/111649226/initialization.o
 .debug_aranges
                0x0000000000000700       0x38 build/pic32mx_eth_sk2/production/_ext/111649226/interrupts.o
 .debug_aranges
                0x0000000000000738       0x58 build/pic32mx_eth_sk2/production/_ext/111649226/interrupts_a.o
 .debug_aranges
                0x0000000000000790       0x28 build/pic32mx_eth_sk2/production/_ext/111649226/exceptions.o
 .debug_aranges
                0x00000000000007b8       0x40 build/pic32mx_eth_sk2/production/_ext/111649226/freertos_hooks.o
 .debug_aranges
                0x00000000000007f8       0x38 build/pic32mx_eth_sk2/production/_ext/111649226/sys_tasks.o
 .debug_aranges
                0x0000000000000830       0x38 build/pic32mx_eth_sk2/production/_ext/1665200909/heap_1.o
 .debug_aranges
                0x0000000000000868       0x58 build/pic32mx_eth_sk2/production/_ext/951553248/port.o
 .debug_aranges
                0x00000000000008c0       0x20 build/pic32mx_eth_sk2/production/_ext/951553248/port_asm.o
 .debug_aranges
                0x00000000000008e0       0x18 build/pic32mx_eth_sk2/production/_ext/404212886/croutine.o
 .debug_aranges
                0x00000000000008f8       0x40 build/pic32mx_eth_sk2/production/_ext/404212886/list.o
 .debug_aranges
                0x0000000000000938       0xc8 build/pic32mx_eth_sk2/production/_ext/404212886/queue.o
 .debug_aranges
                0x0000000000000a00      0x1b0 build/pic32mx_eth_sk2/production/_ext/404212886/FreeRTOS_tasks.o
 .debug_aranges
                0x0000000000000bb0       0x18 build/pic32mx_eth_sk2/production/_ext/404212886/timers.o
 .debug_aranges
                0x0000000000000bc8       0x60 build/pic32mx_eth_sk2/production/_ext/404212886/event_groups.o
 .debug_aranges
                0x0000000000000c28       0xb8 build/pic32mx_eth_sk2/production/_ext/404212886/stream_buffer.o
 .debug_aranges
                0x0000000000000ce0       0x40 build/pic32mx_eth_sk2/production/_ext/743442264/HELPER_FUNCTION.o
 .debug_aranges
                0x0000000000000d20       0x48 build/pic32mx_eth_sk2/production/_ext/743442264/REGISTERS_MAP.o
 .debug_aranges
                0x0000000000000d68       0x20 build/pic32mx_eth_sk2/production/_ext/1360937237/main.o
 .debug_aranges
                0x0000000000000d88       0x30 build/pic32mx_eth_sk2/production/_ext/1360937237/LCD_Task1.o
 .debug_aranges
                0x0000000000000db8       0x60 build/pic32mx_eth_sk2/production/_ext/1360937237/UartDmaRx_Task.o
 .debug_aranges
                0x0000000000000e18       0x20 c:/program files/microchip/xc32/v3.01/bin/bin/../../lib/gcc/pic32mx/8.3.1\libgcc.a(floatunsisf.o)
 .debug_aranges
                0x0000000000000e38       0x20 c:/program files/microchip/xc32/v3.01/bin/bin/../../lib/gcc/pic32mx/8.3.1\libgcc.a(floatunsidf.o)
 .debug_aranges
                0x0000000000000e58       0x20 c:/program files/microchip/xc32/v3.01/bin/bin/../../lib/gcc/pic32mx/8.3.1/../../../../pic32mx/lib\libpic32.a(default-on-reset.o)
 .debug_aranges
                0x0000000000000e78       0x20 c:/program files/microchip/xc32/v3.01/bin/bin/../../lib/gcc/pic32mx/8.3.1/../../../../pic32mx/lib\libpic32.a(default-on-bootstrap.o)
 .debug_aranges
                0x0000000000000e98       0x20 c:/program files/microchip/xc32/v3.01/bin/bin/../../lib/gcc/pic32mx/8.3.1/../../../../pic32mx/lib\libpic32.a(defaultinterrupt.o)
 .debug_aranges
                0x0000000000000eb8       0x20 c:/program files/microchip/xc32/v3.01/bin/bin/../../lib/gcc/pic32mx/8.3.1/../../../../pic32mx/lib\libc.a(sprintf_cdnopuxX.eo)
 .debug_aranges
                0x0000000000000ed8       0x20 c:/program files/microchip/xc32/v3.01/bin/bin/../../lib/gcc/pic32mx/8.3.1/../../../../pic32mx/lib\libc.a(doprnt_cdnopuxX.eo)
 .debug_aranges
                0x0000000000000ef8       0x20 c:/program files/microchip/xc32/v3.01/bin/bin/../../lib/gcc/pic32mx/8.3.1/../../../../pic32mx/lib\libc.a(_fputc_simple.o)
 .debug_aranges
                0x0000000000000f18       0x20 c:/program files/microchip/xc32/v3.01/bin/bin/../../lib/gcc/pic32mx/8.3.1/../../../../pic32mx/lib\libc.a(_flsbuf_simple.o)
 .debug_aranges
                0x0000000000000f38       0x20 c:/program files/microchip/xc32/v3.01/bin/bin/../../lib/gcc/pic32mx/8.3.1\libgcc.a(_lshrdi3.o)
 .debug_aranges
                0x0000000000000f58       0x20 c:/program files/microchip/xc32/v3.01/bin/bin/../../lib/gcc/pic32mx/8.3.1\libgcc.a(_udivdi3.o)
 .debug_aranges
                0x0000000000000f78       0x20 c:/program files/microchip/xc32/v3.01/bin/bin/../../lib/gcc/pic32mx/8.3.1\libgcc.a(_umoddi3.o)

.debug_pubnames
 *.elf(.debug_pubnames)
 *(.debug_pubnames)

.debug_info     0x0000000000000000   0x6bce06
 *.elf(.debug_info .gnu.linkonce.wi.*)
 *(.debug_info .gnu.linkonce.wi.*)
 .debug_info    0x0000000000000000    0x32461 build/pic32mx_eth_sk2/production/_ext/1123471642/bsp.o
 .debug_info    0x0000000000032461    0x32a34 build/pic32mx_eth_sk2/production/_ext/467495608/osal_freertos.o
 .debug_info    0x0000000000064e95    0x32354 build/pic32mx_eth_sk2/production/_ext/1968539896/plib_clk.o
 .debug_info    0x00000000000971e9    0x324e8 build/pic32mx_eth_sk2/production/_ext/1824765036/plib_coretimer.o
 .debug_info    0x00000000000c96d1    0x32bc3 build/pic32mx_eth_sk2/production/_ext/895164091/plib_dmac.o
 .debug_info    0x00000000000fc294    0x3259d build/pic32mx_eth_sk2/production/_ext/895125403/plib_evic.o
 .debug_info    0x000000000012e831    0x3289e build/pic32mx_eth_sk2/production/_ext/895071575/plib_gpio.o
 .debug_info    0x00000000001610cf      0xdd9 build/pic32mx_eth_sk2/production/_ext/2146581590/I2C_LCD.o
 .debug_info    0x0000000000161ea8    0x32a7b build/pic32mx_eth_sk2/production/_ext/2146581590/I2C2_PIC32MX.o
 .debug_info    0x0000000000194923    0x328df build/pic32mx_eth_sk2/production/_ext/893259528/SPI.o
 .debug_info    0x00000000001c7202    0x335fa build/pic32mx_eth_sk2/production/_ext/893259528/SPI_COMM_INTERFACE.o
 .debug_info    0x00000000001fa7fc    0x32523 build/pic32mx_eth_sk2/production/_ext/1968523521/plib_tmr2.o
 .debug_info    0x000000000022cd1f    0x3253b build/pic32mx_eth_sk2/production/_ext/894686958/plib_tmr1.o
 .debug_info    0x000000000025f25a    0x3299a build/pic32mx_eth_sk2/production/_ext/894668632/plib_uart2.o
 .debug_info    0x0000000000291bf4    0x32bdd build/pic32mx_eth_sk2/production/_ext/1880771394/UART2_dma_PIC32MX.o
 .debug_info    0x00000000002c47d1       0xe0 build/pic32mx_eth_sk2/production/_ext/1603735184/xc32_monitor.o
 .debug_info    0x00000000002c48b1    0x32355 build/pic32mx_eth_sk2/production/_ext/1844760744/sys_reset.o
 .debug_info    0x00000000002f6c06    0x3294f build/pic32mx_eth_sk2/production/_ext/111649226/initialization.o
 .debug_info    0x0000000000329555    0x325c7 build/pic32mx_eth_sk2/production/_ext/111649226/interrupts.o
 .debug_info    0x000000000035bb1c       0x22 build/pic32mx_eth_sk2/production/_ext/111649226/interrupts_a.o
 .debug_info    0x000000000035bb3e    0x32833 build/pic32mx_eth_sk2/production/_ext/111649226/exceptions.o
 .debug_info    0x000000000038e371    0x324ba build/pic32mx_eth_sk2/production/_ext/111649226/freertos_hooks.o
 .debug_info    0x00000000003c082b    0x3279e build/pic32mx_eth_sk2/production/_ext/111649226/sys_tasks.o
 .debug_info    0x00000000003f2fc9    0x324e4 build/pic32mx_eth_sk2/production/_ext/1665200909/heap_1.o
 .debug_info    0x00000000004254ad    0x3261f build/pic32mx_eth_sk2/production/_ext/951553248/port.o
 .debug_info    0x0000000000457acc       0x26 build/pic32mx_eth_sk2/production/_ext/951553248/port_asm.o
 .debug_info    0x0000000000457af2    0x32352 build/pic32mx_eth_sk2/production/_ext/404212886/croutine.o
 .debug_info    0x0000000000489e44    0x325ba build/pic32mx_eth_sk2/production/_ext/404212886/list.o
 .debug_info    0x00000000004bc3fe    0x33d97 build/pic32mx_eth_sk2/production/_ext/404212886/queue.o
 .debug_info    0x00000000004f0195    0x34e03 build/pic32mx_eth_sk2/production/_ext/404212886/FreeRTOS_tasks.o
 .debug_info    0x0000000000524f98    0x32352 build/pic32mx_eth_sk2/production/_ext/404212886/timers.o
 .debug_info    0x00000000005572ea    0x32d6c build/pic32mx_eth_sk2/production/_ext/404212886/event_groups.o
 .debug_info    0x000000000058a056    0x3374a build/pic32mx_eth_sk2/production/_ext/404212886/stream_buffer.o
 .debug_info    0x00000000005bd7a0    0x3261a build/pic32mx_eth_sk2/production/_ext/743442264/HELPER_FUNCTION.o
 .debug_info    0x00000000005efdba    0x32a3e build/pic32mx_eth_sk2/production/_ext/743442264/REGISTERS_MAP.o
 .debug_info    0x00000000006227f8    0x32542 build/pic32mx_eth_sk2/production/_ext/1360937237/main.o
 .debug_info    0x0000000000654d3a    0x32d5c build/pic32mx_eth_sk2/production/_ext/1360937237/LCD_Task1.o
 .debug_info    0x0000000000687a96    0x33bf7 build/pic32mx_eth_sk2/production/_ext/1360937237/UartDmaRx_Task.o
 .debug_info    0x00000000006bb68d       0x9d c:/program files/microchip/xc32/v3.01/bin/bin/../../lib/gcc/pic32mx/8.3.1\libgcc.a(floatunsisf.o)
 .debug_info    0x00000000006bb72a       0xaf c:/program files/microchip/xc32/v3.01/bin/bin/../../lib/gcc/pic32mx/8.3.1\libgcc.a(floatunsidf.o)
 .debug_info    0x00000000006bb7d9       0x3f c:/program files/microchip/xc32/v3.01/bin/bin/../../lib/gcc/pic32mx/8.3.1/../../../../pic32mx/lib\libpic32.a(default-on-reset.o)
 .debug_info    0x00000000006bb818       0x3f c:/program files/microchip/xc32/v3.01/bin/bin/../../lib/gcc/pic32mx/8.3.1/../../../../pic32mx/lib\libpic32.a(default-on-bootstrap.o)
 .debug_info    0x00000000006bb857       0x40 c:/program files/microchip/xc32/v3.01/bin/bin/../../lib/gcc/pic32mx/8.3.1/../../../../pic32mx/lib\libpic32.a(defaultinterrupt.o)
 .debug_info    0x00000000006bb897       0x3e c:/program files/microchip/xc32/v3.01/bin/bin/../../lib/gcc/pic32mx/8.3.1/../../../../pic32mx/lib\libc.a(sprintf_cdnopuxX.eo)
 .debug_info    0x00000000006bb8d5       0x3f c:/program files/microchip/xc32/v3.01/bin/bin/../../lib/gcc/pic32mx/8.3.1/../../../../pic32mx/lib\libc.a(doprnt_cdnopuxX.eo)
 .debug_info    0x00000000006bb914       0x48 c:/program files/microchip/xc32/v3.01/bin/bin/../../lib/gcc/pic32mx/8.3.1/../../../../pic32mx/lib\libc.a(_fputc_simple.o)
 .debug_info    0x00000000006bb95c       0x3e c:/program files/microchip/xc32/v3.01/bin/bin/../../lib/gcc/pic32mx/8.3.1/../../../../pic32mx/lib\libc.a(_flsbuf_simple.o)
 .debug_info    0x00000000006bb99a      0x33c c:/program files/microchip/xc32/v3.01/bin/bin/../../lib/gcc/pic32mx/8.3.1\libgcc.a(_lshrdi3.o)
 .debug_info    0x00000000006bbcd6      0x85c c:/program files/microchip/xc32/v3.01/bin/bin/../../lib/gcc/pic32mx/8.3.1\libgcc.a(_udivdi3.o)
 .debug_info    0x00000000006bc532      0x8d4 c:/program files/microchip/xc32/v3.01/bin/bin/../../lib/gcc/pic32mx/8.3.1\libgcc.a(_umoddi3.o)

.debug_abbrev   0x0000000000000000     0x688c
 *.elf(.debug_abbrev)
 *(.debug_abbrev)
 .debug_abbrev  0x0000000000000000      0x1d7 build/pic32mx_eth_sk2/production/_ext/1123471642/bsp.o
 .debug_abbrev  0x00000000000001d7      0x2e7 build/pic32mx_eth_sk2/production/_ext/467495608/osal_freertos.o
 .debug_abbrev  0x00000000000004be      0x18b build/pic32mx_eth_sk2/production/_ext/1968539896/plib_clk.o
 .debug_abbrev  0x0000000000000649      0x22b build/pic32mx_eth_sk2/production/_ext/1824765036/plib_coretimer.o
 .debug_abbrev  0x0000000000000874      0x399 build/pic32mx_eth_sk2/production/_ext/895164091/plib_dmac.o
 .debug_abbrev  0x0000000000000c0d      0x1ea build/pic32mx_eth_sk2/production/_ext/895125403/plib_evic.o
 .debug_abbrev  0x0000000000000df7      0x30f build/pic32mx_eth_sk2/production/_ext/895071575/plib_gpio.o
 .debug_abbrev  0x0000000000001106      0x339 build/pic32mx_eth_sk2/production/_ext/2146581590/I2C_LCD.o
 .debug_abbrev  0x000000000000143f      0x314 build/pic32mx_eth_sk2/production/_ext/2146581590/I2C2_PIC32MX.o
 .debug_abbrev  0x0000000000001753      0x38c build/pic32mx_eth_sk2/production/_ext/893259528/SPI.o
 .debug_abbrev  0x0000000000001adf      0x438 build/pic32mx_eth_sk2/production/_ext/893259528/SPI_COMM_INTERFACE.o
 .debug_abbrev  0x0000000000001f17      0x23f build/pic32mx_eth_sk2/production/_ext/1968523521/plib_tmr2.o
 .debug_abbrev  0x0000000000002156      0x287 build/pic32mx_eth_sk2/production/_ext/894686958/plib_tmr1.o
 .debug_abbrev  0x00000000000023dd      0x389 build/pic32mx_eth_sk2/production/_ext/894668632/plib_uart2.o
 .debug_abbrev  0x0000000000002766      0x34b build/pic32mx_eth_sk2/production/_ext/1880771394/UART2_dma_PIC32MX.o
 .debug_abbrev  0x0000000000002ab1       0x9e build/pic32mx_eth_sk2/production/_ext/1603735184/xc32_monitor.o
 .debug_abbrev  0x0000000000002b4f      0x18e build/pic32mx_eth_sk2/production/_ext/1844760744/sys_reset.o
 .debug_abbrev  0x0000000000002cdd      0x26b build/pic32mx_eth_sk2/production/_ext/111649226/initialization.o
 .debug_abbrev  0x0000000000002f48      0x214 build/pic32mx_eth_sk2/production/_ext/111649226/interrupts.o
 .debug_abbrev  0x000000000000315c       0x12 build/pic32mx_eth_sk2/production/_ext/111649226/interrupts_a.o
 .debug_abbrev  0x000000000000316e      0x205 build/pic32mx_eth_sk2/production/_ext/111649226/exceptions.o
 .debug_abbrev  0x0000000000003373      0x229 build/pic32mx_eth_sk2/production/_ext/111649226/freertos_hooks.o
 .debug_abbrev  0x000000000000359c      0x2ad build/pic32mx_eth_sk2/production/_ext/111649226/sys_tasks.o
 .debug_abbrev  0x0000000000003849      0x295 build/pic32mx_eth_sk2/production/_ext/1665200909/heap_1.o
 .debug_abbrev  0x0000000000003ade      0x391 build/pic32mx_eth_sk2/production/_ext/951553248/port.o
 .debug_abbrev  0x0000000000003e6f       0x14 build/pic32mx_eth_sk2/production/_ext/951553248/port_asm.o
 .debug_abbrev  0x0000000000003e83      0x16b build/pic32mx_eth_sk2/production/_ext/404212886/croutine.o
 .debug_abbrev  0x0000000000003fee      0x21a build/pic32mx_eth_sk2/production/_ext/404212886/list.o
 .debug_abbrev  0x0000000000004208      0x3b3 build/pic32mx_eth_sk2/production/_ext/404212886/queue.o
 .debug_abbrev  0x00000000000045bb      0x4bd build/pic32mx_eth_sk2/production/_ext/404212886/FreeRTOS_tasks.o
 .debug_abbrev  0x0000000000004a78      0x16b build/pic32mx_eth_sk2/production/_ext/404212886/timers.o
 .debug_abbrev  0x0000000000004be3      0x32d build/pic32mx_eth_sk2/production/_ext/404212886/event_groups.o
 .debug_abbrev  0x0000000000004f10      0x381 build/pic32mx_eth_sk2/production/_ext/404212886/stream_buffer.o
 .debug_abbrev  0x0000000000005291      0x251 build/pic32mx_eth_sk2/production/_ext/743442264/HELPER_FUNCTION.o
 .debug_abbrev  0x00000000000054e2      0x289 build/pic32mx_eth_sk2/production/_ext/743442264/REGISTERS_MAP.o
 .debug_abbrev  0x000000000000576b      0x22f build/pic32mx_eth_sk2/production/_ext/1360937237/main.o
 .debug_abbrev  0x000000000000599a      0x2f0 build/pic32mx_eth_sk2/production/_ext/1360937237/LCD_Task1.o
 .debug_abbrev  0x0000000000005c8a      0x476 build/pic32mx_eth_sk2/production/_ext/1360937237/UartDmaRx_Task.o
 .debug_abbrev  0x0000000000006100       0x7d c:/program files/microchip/xc32/v3.01/bin/bin/../../lib/gcc/pic32mx/8.3.1\libgcc.a(floatunsisf.o)
 .debug_abbrev  0x000000000000617d       0x7d c:/program files/microchip/xc32/v3.01/bin/bin/../../lib/gcc/pic32mx/8.3.1\libgcc.a(floatunsidf.o)
 .debug_abbrev  0x00000000000061fa       0x2e c:/program files/microchip/xc32/v3.01/bin/bin/../../lib/gcc/pic32mx/8.3.1/../../../../pic32mx/lib\libpic32.a(default-on-reset.o)
 .debug_abbrev  0x0000000000006228       0x2e c:/program files/microchip/xc32/v3.01/bin/bin/../../lib/gcc/pic32mx/8.3.1/../../../../pic32mx/lib\libpic32.a(default-on-bootstrap.o)
 .debug_abbrev  0x0000000000006256       0x31 c:/program files/microchip/xc32/v3.01/bin/bin/../../lib/gcc/pic32mx/8.3.1/../../../../pic32mx/lib\libpic32.a(defaultinterrupt.o)
 .debug_abbrev  0x0000000000006287       0x2e c:/program files/microchip/xc32/v3.01/bin/bin/../../lib/gcc/pic32mx/8.3.1/../../../../pic32mx/lib\libc.a(sprintf_cdnopuxX.eo)
 .debug_abbrev  0x00000000000062b5       0x2e c:/program files/microchip/xc32/v3.01/bin/bin/../../lib/gcc/pic32mx/8.3.1/../../../../pic32mx/lib\libc.a(doprnt_cdnopuxX.eo)
 .debug_abbrev  0x00000000000062e3       0x37 c:/program files/microchip/xc32/v3.01/bin/bin/../../lib/gcc/pic32mx/8.3.1/../../../../pic32mx/lib\libc.a(_fputc_simple.o)
 .debug_abbrev  0x000000000000631a       0x2e c:/program files/microchip/xc32/v3.01/bin/bin/../../lib/gcc/pic32mx/8.3.1/../../../../pic32mx/lib\libc.a(_flsbuf_simple.o)
 .debug_abbrev  0x0000000000006348      0x17e c:/program files/microchip/xc32/v3.01/bin/bin/../../lib/gcc/pic32mx/8.3.1\libgcc.a(_lshrdi3.o)
 .debug_abbrev  0x00000000000064c6      0x1d8 c:/program files/microchip/xc32/v3.01/bin/bin/../../lib/gcc/pic32mx/8.3.1\libgcc.a(_udivdi3.o)
 .debug_abbrev  0x000000000000669e      0x1ee c:/program files/microchip/xc32/v3.01/bin/bin/../../lib/gcc/pic32mx/8.3.1\libgcc.a(_umoddi3.o)

.debug_line     0x0000000000000000     0xfa27
 *.elf(.debug_line)
 *(.debug_line)
 .debug_line    0x0000000000000000      0x254 build/pic32mx_eth_sk2/production/_ext/1123471642/bsp.o
 .debug_line    0x0000000000000254      0x622 build/pic32mx_eth_sk2/production/_ext/467495608/osal_freertos.o
 .debug_line    0x0000000000000876      0x215 build/pic32mx_eth_sk2/production/_ext/1968539896/plib_clk.o
 .debug_line    0x0000000000000a8b      0x350 build/pic32mx_eth_sk2/production/_ext/1824765036/plib_coretimer.o
 .debug_line    0x0000000000000ddb      0x8fe build/pic32mx_eth_sk2/production/_ext/895164091/plib_dmac.o
 .debug_line    0x00000000000016d9      0x3b2 build/pic32mx_eth_sk2/production/_ext/895125403/plib_evic.o
 .debug_line    0x0000000000001a8b      0x4a5 build/pic32mx_eth_sk2/production/_ext/895071575/plib_gpio.o
 .debug_line    0x0000000000001f30      0x77b build/pic32mx_eth_sk2/production/_ext/2146581590/I2C_LCD.o
 .debug_line    0x00000000000026ab      0x7b7 build/pic32mx_eth_sk2/production/_ext/2146581590/I2C2_PIC32MX.o
 .debug_line    0x0000000000002e62      0x5b4 build/pic32mx_eth_sk2/production/_ext/893259528/SPI.o
 .debug_line    0x0000000000003416      0x8e1 build/pic32mx_eth_sk2/production/_ext/893259528/SPI_COMM_INTERFACE.o
 .debug_line    0x0000000000003cf7      0x384 build/pic32mx_eth_sk2/production/_ext/1968523521/plib_tmr2.o
 .debug_line    0x000000000000407b      0x391 build/pic32mx_eth_sk2/production/_ext/894686958/plib_tmr1.o
 .debug_line    0x000000000000440c      0x8c6 build/pic32mx_eth_sk2/production/_ext/894668632/plib_uart2.o
 .debug_line    0x0000000000004cd2      0x851 build/pic32mx_eth_sk2/production/_ext/1880771394/UART2_dma_PIC32MX.o
 .debug_line    0x0000000000005523      0x10b build/pic32mx_eth_sk2/production/_ext/1603735184/xc32_monitor.o
 .debug_line    0x000000000000562e      0x226 build/pic32mx_eth_sk2/production/_ext/1844760744/sys_reset.o
 .debug_line    0x0000000000005854      0x838 build/pic32mx_eth_sk2/production/_ext/111649226/initialization.o
 .debug_line    0x000000000000608c      0x441 build/pic32mx_eth_sk2/production/_ext/111649226/interrupts.o
 .debug_line    0x00000000000064cd       0xf5 build/pic32mx_eth_sk2/production/_ext/111649226/interrupts_a.o
 .debug_line    0x00000000000065c2      0x3e4 build/pic32mx_eth_sk2/production/_ext/111649226/exceptions.o
 .debug_line    0x00000000000069a6      0x390 build/pic32mx_eth_sk2/production/_ext/111649226/freertos_hooks.o
 .debug_line    0x0000000000006d36      0x4e8 build/pic32mx_eth_sk2/production/_ext/111649226/sys_tasks.o
 .debug_line    0x000000000000721e      0x44c build/pic32mx_eth_sk2/production/_ext/1665200909/heap_1.o
 .debug_line    0x000000000000766a      0x44c build/pic32mx_eth_sk2/production/_ext/951553248/port.o
 .debug_line    0x0000000000007ab6       0xfc build/pic32mx_eth_sk2/production/_ext/951553248/port_asm.o
 .debug_line    0x0000000000007bb2      0x201 build/pic32mx_eth_sk2/production/_ext/404212886/croutine.o
 .debug_line    0x0000000000007db3      0x473 build/pic32mx_eth_sk2/production/_ext/404212886/list.o
 .debug_line    0x0000000000008226     0x10ad build/pic32mx_eth_sk2/production/_ext/404212886/queue.o
 .debug_line    0x00000000000092d3     0x1dec build/pic32mx_eth_sk2/production/_ext/404212886/FreeRTOS_tasks.o
 .debug_line    0x000000000000b0bf      0x201 build/pic32mx_eth_sk2/production/_ext/404212886/timers.o
 .debug_line    0x000000000000b2c0      0x796 build/pic32mx_eth_sk2/production/_ext/404212886/event_groups.o
 .debug_line    0x000000000000ba56      0xc25 build/pic32mx_eth_sk2/production/_ext/404212886/stream_buffer.o
 .debug_line    0x000000000000c67b      0x31c build/pic32mx_eth_sk2/production/_ext/743442264/HELPER_FUNCTION.o
 .debug_line    0x000000000000c997      0x371 build/pic32mx_eth_sk2/production/_ext/743442264/REGISTERS_MAP.o
 .debug_line    0x000000000000cd08      0x396 build/pic32mx_eth_sk2/production/_ext/1360937237/main.o
 .debug_line    0x000000000000d09e      0x6e9 build/pic32mx_eth_sk2/production/_ext/1360937237/LCD_Task1.o
 .debug_line    0x000000000000d787      0xd0a build/pic32mx_eth_sk2/production/_ext/1360937237/UartDmaRx_Task.o
 .debug_line    0x000000000000e491       0xba c:/program files/microchip/xc32/v3.01/bin/bin/../../lib/gcc/pic32mx/8.3.1\libgcc.a(floatunsisf.o)
 .debug_line    0x000000000000e54b       0xbe c:/program files/microchip/xc32/v3.01/bin/bin/../../lib/gcc/pic32mx/8.3.1\libgcc.a(floatunsidf.o)
 .debug_line    0x000000000000e609       0xa6 c:/program files/microchip/xc32/v3.01/bin/bin/../../lib/gcc/pic32mx/8.3.1/../../../../pic32mx/lib\libpic32.a(default-on-reset.o)
 .debug_line    0x000000000000e6af       0xaa c:/program files/microchip/xc32/v3.01/bin/bin/../../lib/gcc/pic32mx/8.3.1/../../../../pic32mx/lib\libpic32.a(default-on-bootstrap.o)
 .debug_line    0x000000000000e759       0xc9 c:/program files/microchip/xc32/v3.01/bin/bin/../../lib/gcc/pic32mx/8.3.1/../../../../pic32mx/lib\libpic32.a(defaultinterrupt.o)
 .debug_line    0x000000000000e822       0xc3 c:/program files/microchip/xc32/v3.01/bin/bin/../../lib/gcc/pic32mx/8.3.1/../../../../pic32mx/lib\libc.a(sprintf_cdnopuxX.eo)
 .debug_line    0x000000000000e8e5      0x35b c:/program files/microchip/xc32/v3.01/bin/bin/../../lib/gcc/pic32mx/8.3.1/../../../../pic32mx/lib\libc.a(doprnt_cdnopuxX.eo)
 .debug_line    0x000000000000ec40       0xf3 c:/program files/microchip/xc32/v3.01/bin/bin/../../lib/gcc/pic32mx/8.3.1/../../../../pic32mx/lib\libc.a(_fputc_simple.o)
 .debug_line    0x000000000000ed33        0x0 c:/program files/microchip/xc32/v3.01/bin/bin/../../lib/gcc/pic32mx/8.3.1/../../../../pic32mx/lib\libc.a(ctype.o)
 .debug_line    0x000000000000ed33        0x0 c:/program files/microchip/xc32/v3.01/bin/bin/../../lib/gcc/pic32mx/8.3.1/../../../../pic32mx/lib\libc.a(_iob.o)
 .debug_line    0x000000000000ed33       0xfb c:/program files/microchip/xc32/v3.01/bin/bin/../../lib/gcc/pic32mx/8.3.1/../../../../pic32mx/lib\libc.a(_flsbuf_simple.o)
 .debug_line    0x000000000000ee2e      0x290 c:/program files/microchip/xc32/v3.01/bin/bin/../../lib/gcc/pic32mx/8.3.1\libgcc.a(_lshrdi3.o)
 .debug_line    0x000000000000f0be      0x490 c:/program files/microchip/xc32/v3.01/bin/bin/../../lib/gcc/pic32mx/8.3.1\libgcc.a(_udivdi3.o)
 .debug_line    0x000000000000f54e      0x4d9 c:/program files/microchip/xc32/v3.01/bin/bin/../../lib/gcc/pic32mx/8.3.1\libgcc.a(_umoddi3.o)

.debug_frame    0x0000000000000000     0x24c8
 *.elf(.debug_frame)
 *(.debug_frame)
 .debug_frame   0x0000000000000000       0x20 build/pic32mx_eth_sk2/production/_ext/1123471642/bsp.o
 .debug_frame   0x0000000000000020      0x1b0 build/pic32mx_eth_sk2/production/_ext/467495608/osal_freertos.o
 .debug_frame   0x00000000000001d0       0x20 build/pic32mx_eth_sk2/production/_ext/1968539896/plib_clk.o
 .debug_frame   0x00000000000001f0       0xf4 build/pic32mx_eth_sk2/production/_ext/1824765036/plib_coretimer.o
 .debug_frame   0x00000000000002e4      0x120 build/pic32mx_eth_sk2/production/_ext/895164091/plib_dmac.o
 .debug_frame   0x0000000000000404       0xd4 build/pic32mx_eth_sk2/production/_ext/895125403/plib_evic.o
 .debug_frame   0x00000000000004d8       0xec build/pic32mx_eth_sk2/production/_ext/895071575/plib_gpio.o
 .debug_frame   0x00000000000005c4      0x334 build/pic32mx_eth_sk2/production/_ext/2146581590/I2C_LCD.o
 .debug_frame   0x00000000000008f8      0x17c build/pic32mx_eth_sk2/production/_ext/2146581590/I2C2_PIC32MX.o
 .debug_frame   0x0000000000000a74       0x6c build/pic32mx_eth_sk2/production/_ext/893259528/SPI.o
 .debug_frame   0x0000000000000ae0      0x194 build/pic32mx_eth_sk2/production/_ext/893259528/SPI_COMM_INTERFACE.o
 .debug_frame   0x0000000000000c74       0xcc build/pic32mx_eth_sk2/production/_ext/1968523521/plib_tmr2.o
 .debug_frame   0x0000000000000d40       0xcc build/pic32mx_eth_sk2/production/_ext/894686958/plib_tmr1.o
 .debug_frame   0x0000000000000e0c      0x144 build/pic32mx_eth_sk2/production/_ext/894668632/plib_uart2.o
 .debug_frame   0x0000000000000f50       0xd0 build/pic32mx_eth_sk2/production/_ext/1880771394/UART2_dma_PIC32MX.o
 .debug_frame   0x0000000000001020       0x30 build/pic32mx_eth_sk2/production/_ext/1603735184/xc32_monitor.o
 .debug_frame   0x0000000000001050       0x28 build/pic32mx_eth_sk2/production/_ext/1844760744/sys_reset.o
 .debug_frame   0x0000000000001078       0x2c build/pic32mx_eth_sk2/production/_ext/111649226/initialization.o
 .debug_frame   0x00000000000010a4       0x80 build/pic32mx_eth_sk2/production/_ext/111649226/interrupts.o
 .debug_frame   0x0000000000001124       0x40 build/pic32mx_eth_sk2/production/_ext/111649226/exceptions.o
 .debug_frame   0x0000000000001164       0x7c build/pic32mx_eth_sk2/production/_ext/111649226/freertos_hooks.o
 .debug_frame   0x00000000000011e0       0x80 build/pic32mx_eth_sk2/production/_ext/111649226/sys_tasks.o
 .debug_frame   0x0000000000001260       0x60 build/pic32mx_eth_sk2/production/_ext/1665200909/heap_1.o
 .debug_frame   0x00000000000012c0       0xf0 build/pic32mx_eth_sk2/production/_ext/951553248/port.o
 .debug_frame   0x00000000000013b0       0x60 build/pic32mx_eth_sk2/production/_ext/404212886/list.o
 .debug_frame   0x0000000000001410      0x2e8 build/pic32mx_eth_sk2/production/_ext/404212886/queue.o
 .debug_frame   0x00000000000016f8      0x5b8 build/pic32mx_eth_sk2/production/_ext/404212886/FreeRTOS_tasks.o
 .debug_frame   0x0000000000001cb0      0x134 build/pic32mx_eth_sk2/production/_ext/404212886/event_groups.o
 .debug_frame   0x0000000000001de4      0x290 build/pic32mx_eth_sk2/production/_ext/404212886/stream_buffer.o
 .debug_frame   0x0000000000002074       0x60 build/pic32mx_eth_sk2/production/_ext/743442264/HELPER_FUNCTION.o
 .debug_frame   0x00000000000020d4       0x8c build/pic32mx_eth_sk2/production/_ext/743442264/REGISTERS_MAP.o
 .debug_frame   0x0000000000002160       0x28 build/pic32mx_eth_sk2/production/_ext/1360937237/main.o
 .debug_frame   0x0000000000002188       0x6c build/pic32mx_eth_sk2/production/_ext/1360937237/LCD_Task1.o
 .debug_frame   0x00000000000021f4       0xec build/pic32mx_eth_sk2/production/_ext/1360937237/UartDmaRx_Task.o
 .debug_frame   0x00000000000022e0       0x2c c:/program files/microchip/xc32/v3.01/bin/bin/../../lib/gcc/pic32mx/8.3.1\libgcc.a(floatunsisf.o)
 .debug_frame   0x000000000000230c       0x2c c:/program files/microchip/xc32/v3.01/bin/bin/../../lib/gcc/pic32mx/8.3.1\libgcc.a(floatunsidf.o)
 .debug_frame   0x0000000000002338       0x20 c:/program files/microchip/xc32/v3.01/bin/bin/../../lib/gcc/pic32mx/8.3.1/../../../../pic32mx/lib\libpic32.a(default-on-reset.o)
 .debug_frame   0x0000000000002358       0x20 c:/program files/microchip/xc32/v3.01/bin/bin/../../lib/gcc/pic32mx/8.3.1/../../../../pic32mx/lib\libpic32.a(default-on-bootstrap.o)
 .debug_frame   0x0000000000002378       0x20 c:/program files/microchip/xc32/v3.01/bin/bin/../../lib/gcc/pic32mx/8.3.1/../../../../pic32mx/lib\libpic32.a(defaultinterrupt.o)
 .debug_frame   0x0000000000002398       0x2c c:/program files/microchip/xc32/v3.01/bin/bin/../../lib/gcc/pic32mx/8.3.1/../../../../pic32mx/lib\libc.a(sprintf_cdnopuxX.eo)
 .debug_frame   0x00000000000023c4       0x40 c:/program files/microchip/xc32/v3.01/bin/bin/../../lib/gcc/pic32mx/8.3.1/../../../../pic32mx/lib\libc.a(doprnt_cdnopuxX.eo)
 .debug_frame   0x0000000000002404       0x34 c:/program files/microchip/xc32/v3.01/bin/bin/../../lib/gcc/pic32mx/8.3.1/../../../../pic32mx/lib\libc.a(_fputc_simple.o)
 .debug_frame   0x0000000000002438       0x30 c:/program files/microchip/xc32/v3.01/bin/bin/../../lib/gcc/pic32mx/8.3.1/../../../../pic32mx/lib\libc.a(_flsbuf_simple.o)
 .debug_frame   0x0000000000002468       0x20 c:/program files/microchip/xc32/v3.01/bin/bin/../../lib/gcc/pic32mx/8.3.1\libgcc.a(_lshrdi3.o)
 .debug_frame   0x0000000000002488       0x20 c:/program files/microchip/xc32/v3.01/bin/bin/../../lib/gcc/pic32mx/8.3.1\libgcc.a(_udivdi3.o)
 .debug_frame   0x00000000000024a8       0x20 c:/program files/microchip/xc32/v3.01/bin/bin/../../lib/gcc/pic32mx/8.3.1\libgcc.a(_umoddi3.o)

.debug_str      0x0000000000000000   0x231819
 *.elf(.debug_str)
 *(.debug_str)
 .debug_str     0x0000000000000000    0x100e1 build/pic32mx_eth_sk2/production/_ext/1123471642/bsp.o
 .debug_str     0x00000000000100e1    0x10480 build/pic32mx_eth_sk2/production/_ext/467495608/osal_freertos.o
 .debug_str     0x0000000000020561    0x10091 build/pic32mx_eth_sk2/production/_ext/1968539896/plib_clk.o
 .debug_str     0x00000000000305f2    0x10195 build/pic32mx_eth_sk2/production/_ext/1824765036/plib_coretimer.o
 .debug_str     0x0000000000040787    0x104b9 build/pic32mx_eth_sk2/production/_ext/895164091/plib_dmac.o
 .debug_str     0x0000000000050c40    0x10199 build/pic32mx_eth_sk2/production/_ext/895125403/plib_evic.o
 .debug_str     0x0000000000060dd9    0x10315 build/pic32mx_eth_sk2/production/_ext/895071575/plib_gpio.o
 .debug_str     0x00000000000710ee      0x708 build/pic32mx_eth_sk2/production/_ext/2146581590/I2C_LCD.o
 .debug_str     0x00000000000717f6    0x102fc build/pic32mx_eth_sk2/production/_ext/2146581590/I2C2_PIC32MX.o
 .debug_str     0x0000000000081af2    0x103fc build/pic32mx_eth_sk2/production/_ext/893259528/SPI.o
 .debug_str     0x0000000000091eee    0x114a9 build/pic32mx_eth_sk2/production/_ext/893259528/SPI_COMM_INTERFACE.o
 .debug_str     0x00000000000a3397    0x101a1 build/pic32mx_eth_sk2/production/_ext/1968523521/plib_tmr2.o
 .debug_str     0x00000000000b3538    0x101a4 build/pic32mx_eth_sk2/production/_ext/894686958/plib_tmr1.o
 .debug_str     0x00000000000c36dc    0x104bd build/pic32mx_eth_sk2/production/_ext/894668632/plib_uart2.o
 .debug_str     0x00000000000d3b99    0x10f8c build/pic32mx_eth_sk2/production/_ext/1880771394/UART2_dma_PIC32MX.o
 .debug_str     0x00000000000e4b25      0x2f6 build/pic32mx_eth_sk2/production/_ext/1603735184/xc32_monitor.o
 .debug_str     0x00000000000e4e1b    0x10099 build/pic32mx_eth_sk2/production/_ext/1844760744/sys_reset.o
 .debug_str     0x00000000000f4eb4    0x10d7d build/pic32mx_eth_sk2/production/_ext/111649226/initialization.o
 .debug_str     0x0000000000105c31    0x1024f build/pic32mx_eth_sk2/production/_ext/111649226/interrupts.o
 .debug_str     0x0000000000115e80       0x9f build/pic32mx_eth_sk2/production/_ext/111649226/interrupts_a.o
 .debug_str     0x0000000000115f1f    0x10cce build/pic32mx_eth_sk2/production/_ext/111649226/exceptions.o
 .debug_str     0x0000000000126bed    0x10179 build/pic32mx_eth_sk2/production/_ext/111649226/freertos_hooks.o
 .debug_str     0x0000000000136d66    0x10379 build/pic32mx_eth_sk2/production/_ext/111649226/sys_tasks.o
 .debug_str     0x00000000001470df    0x10173 build/pic32mx_eth_sk2/production/_ext/1665200909/heap_1.o
 .debug_str     0x0000000000157252    0x10261 build/pic32mx_eth_sk2/production/_ext/951553248/port.o
 .debug_str     0x00000000001674b3       0xbc build/pic32mx_eth_sk2/production/_ext/951553248/port_asm.o
 .debug_str     0x000000000016756f    0x1009c build/pic32mx_eth_sk2/production/_ext/404212886/croutine.o
 .debug_str     0x000000000017760b    0x101cb build/pic32mx_eth_sk2/production/_ext/404212886/list.o
 .debug_str     0x00000000001877d6    0x1085c build/pic32mx_eth_sk2/production/_ext/404212886/queue.o
 .debug_str     0x0000000000198032    0x10f45 build/pic32mx_eth_sk2/production/_ext/404212886/FreeRTOS_tasks.o
 .debug_str     0x00000000001a8f77    0x1009a build/pic32mx_eth_sk2/production/_ext/404212886/timers.o
 .debug_str     0x00000000001b9011    0x104f1 build/pic32mx_eth_sk2/production/_ext/404212886/event_groups.o
 .debug_str     0x00000000001c9502    0x10740 build/pic32mx_eth_sk2/production/_ext/404212886/stream_buffer.o
 .debug_str     0x00000000001d9c42    0x10188 build/pic32mx_eth_sk2/production/_ext/743442264/HELPER_FUNCTION.o
 .debug_str     0x00000000001e9dca    0x111a8 build/pic32mx_eth_sk2/production/_ext/743442264/REGISTERS_MAP.o
 .debug_str     0x00000000001faf72    0x10185 build/pic32mx_eth_sk2/production/_ext/1360937237/main.o
 .debug_str     0x000000000020b0f7    0x11023 build/pic32mx_eth_sk2/production/_ext/1360937237/LCD_Task1.o
 .debug_str     0x000000000021c11a    0x1215f build/pic32mx_eth_sk2/production/_ext/1360937237/UartDmaRx_Task.o
 .debug_str     0x000000000022e279      0x31c c:/program files/microchip/xc32/v3.01/bin/bin/../../lib/gcc/pic32mx/8.3.1\libgcc.a(floatunsisf.o)
 .debug_str     0x000000000022e595      0x31d c:/program files/microchip/xc32/v3.01/bin/bin/../../lib/gcc/pic32mx/8.3.1\libgcc.a(floatunsidf.o)
 .debug_str     0x000000000022e8b2      0x38d c:/program files/microchip/xc32/v3.01/bin/bin/../../lib/gcc/pic32mx/8.3.1/../../../../pic32mx/lib\libpic32.a(default-on-reset.o)
 .debug_str     0x000000000022ec3f      0x395 c:/program files/microchip/xc32/v3.01/bin/bin/../../lib/gcc/pic32mx/8.3.1/../../../../pic32mx/lib\libpic32.a(default-on-bootstrap.o)
 .debug_str     0x000000000022efd4      0x3a7 c:/program files/microchip/xc32/v3.01/bin/bin/../../lib/gcc/pic32mx/8.3.1/../../../../pic32mx/lib\libpic32.a(defaultinterrupt.o)
 .debug_str     0x000000000022f37b      0x3be c:/program files/microchip/xc32/v3.01/bin/bin/../../lib/gcc/pic32mx/8.3.1/../../../../pic32mx/lib\libc.a(sprintf_cdnopuxX.eo)
 .debug_str     0x000000000022f739      0x3be c:/program files/microchip/xc32/v3.01/bin/bin/../../lib/gcc/pic32mx/8.3.1/../../../../pic32mx/lib\libc.a(doprnt_cdnopuxX.eo)
 .debug_str     0x000000000022faf7      0x3b0 c:/program files/microchip/xc32/v3.01/bin/bin/../../lib/gcc/pic32mx/8.3.1/../../../../pic32mx/lib\libc.a(_fputc_simple.o)
 .debug_str     0x000000000022fea7      0x3aa c:/program files/microchip/xc32/v3.01/bin/bin/../../lib/gcc/pic32mx/8.3.1/../../../../pic32mx/lib\libc.a(ctype.o)
 .debug_str     0x0000000000230251      0x3a9 c:/program files/microchip/xc32/v3.01/bin/bin/../../lib/gcc/pic32mx/8.3.1/../../../../pic32mx/lib\libc.a(_iob.o)
 .debug_str     0x00000000002305fa      0x3b3 c:/program files/microchip/xc32/v3.01/bin/bin/../../lib/gcc/pic32mx/8.3.1/../../../../pic32mx/lib\libc.a(_flsbuf_simple.o)
 .debug_str     0x00000000002309ad      0x4a6 c:/program files/microchip/xc32/v3.01/bin/bin/../../lib/gcc/pic32mx/8.3.1\libgcc.a(_lshrdi3.o)
 .debug_str     0x0000000000230e53      0x4e3 c:/program files/microchip/xc32/v3.01/bin/bin/../../lib/gcc/pic32mx/8.3.1\libgcc.a(_udivdi3.o)
 .debug_str     0x0000000000231336      0x4e3 c:/program files/microchip/xc32/v3.01/bin/bin/../../lib/gcc/pic32mx/8.3.1\libgcc.a(_umoddi3.o)

.debug_loc      0x0000000000000000     0xc8b4
 *.elf(.debug_loc)
 *(.debug_loc)
 .debug_loc     0x0000000000000000      0x52a build/pic32mx_eth_sk2/production/_ext/467495608/osal_freertos.o
 .debug_loc     0x000000000000052a       0xc9 build/pic32mx_eth_sk2/production/_ext/1824765036/plib_coretimer.o
 .debug_loc     0x00000000000005f3      0xd16 build/pic32mx_eth_sk2/production/_ext/895164091/plib_dmac.o
 .debug_loc     0x0000000000001309       0xef build/pic32mx_eth_sk2/production/_ext/895125403/plib_evic.o
 .debug_loc     0x00000000000013f8      0x2e2 build/pic32mx_eth_sk2/production/_ext/895071575/plib_gpio.o
 .debug_loc     0x00000000000016da      0x714 build/pic32mx_eth_sk2/production/_ext/2146581590/I2C_LCD.o
 .debug_loc     0x0000000000001dee      0x4b4 build/pic32mx_eth_sk2/production/_ext/2146581590/I2C2_PIC32MX.o
 .debug_loc     0x00000000000022a2      0x26a build/pic32mx_eth_sk2/production/_ext/893259528/SPI.o
 .debug_loc     0x000000000000250c     0x1386 build/pic32mx_eth_sk2/production/_ext/893259528/SPI_COMM_INTERFACE.o
 .debug_loc     0x0000000000003892       0x2b build/pic32mx_eth_sk2/production/_ext/1968523521/plib_tmr2.o
 .debug_loc     0x00000000000038bd       0x15 build/pic32mx_eth_sk2/production/_ext/894686958/plib_tmr1.o
 .debug_loc     0x00000000000038d2      0x2f8 build/pic32mx_eth_sk2/production/_ext/894668632/plib_uart2.o
 .debug_loc     0x0000000000003bca      0x15f build/pic32mx_eth_sk2/production/_ext/1880771394/UART2_dma_PIC32MX.o
 .debug_loc     0x0000000000003d29       0x25 build/pic32mx_eth_sk2/production/_ext/111649226/initialization.o
 .debug_loc     0x0000000000003d4e       0xb6 build/pic32mx_eth_sk2/production/_ext/111649226/freertos_hooks.o
 .debug_loc     0x0000000000003e04       0x6f build/pic32mx_eth_sk2/production/_ext/111649226/sys_tasks.o